<?xml version="1.0"?>
<link_info>
   <banner>TMS320C55x Linker PC v4.4.1</banner>
   <copyright>Copyright (c) 1996-2012 Texas Instruments Incorporated</copyright>
   <link_time>0x65ffb7e8</link_time>
   <output_file>Audio.out</output_file>
   <entry_point>
      <name>_c_int00</name>
      <address>0x266ed</address>
   </entry_point>
   <input_file_list>
      <input_file id="fl-2">
         <path>.\src\</path>
         <kind>object</kind>
         <file>IIR_filters_fourth_order.obj</file>
         <name>IIR_filters_fourth_order.obj</name>
      </input_file>
      <input_file id="fl-3">
         <path>.\src\</path>
         <kind>object</kind>
         <file>PLL.obj</file>
         <name>PLL.obj</name>
      </input_file>
      <input_file id="fl-4">
         <path>.\src\</path>
         <kind>object</kind>
         <file>SweepGenerator.obj</file>
         <name>SweepGenerator.obj</name>
      </input_file>
      <input_file id="fl-5">
         <path>.\src\</path>
         <kind>object</kind>
         <file>aic3204.obj</file>
         <name>aic3204.obj</name>
      </input_file>
      <input_file id="fl-6">
         <path>.\src\</path>
         <kind>object</kind>
         <file>aic3204_init.obj</file>
         <name>aic3204_init.obj</name>
      </input_file>
      <input_file id="fl-7">
         <path>.\src\</path>
         <kind>object</kind>
         <file>main.obj</file>
         <name>main.obj</name>
      </input_file>
      <input_file id="fl-8">
         <path>.\src\</path>
         <kind>object</kind>
         <file>sinewaves.obj</file>
         <name>sinewaves.obj</name>
      </input_file>
      <input_file id="fl-9">
         <path>.\src\</path>
         <kind>object</kind>
         <file>stereo.obj</file>
         <name>stereo.obj</name>
      </input_file>
      <input_file id="fl-a">
         <path>.\src\</path>
         <kind>object</kind>
         <file>timer.obj</file>
         <name>timer.obj</name>
      </input_file>
      <input_file id="fl-b">
         <path>.\src\</path>
         <kind>object</kind>
         <file>usbstk5505.obj</file>
         <name>usbstk5505.obj</name>
      </input_file>
      <input_file id="fl-c">
         <path>.\src\</path>
         <kind>object</kind>
         <file>usbstk5505_gpio.obj</file>
         <name>usbstk5505_gpio.obj</name>
      </input_file>
      <input_file id="fl-d">
         <path>.\src\</path>
         <kind>object</kind>
         <file>usbstk5505_i2c.obj</file>
         <name>usbstk5505_i2c.obj</name>
      </input_file>
      <input_file id="fl-13">
         <path>..\</path>
         <kind>archive</kind>
         <file>55xdsph.lib</file>
         <name>expn.obj</name>
      </input_file>
      <input_file id="fl-14">
         <path>..\</path>
         <kind>archive</kind>
         <file>55xdsph.lib</file>
         <name>sine.obj</name>
      </input_file>
      <input_file id="fl-15">
         <path>..\</path>
         <kind>archive</kind>
         <file>CSLc55x5h.lib</file>
         <name>vectors.obj</name>
      </input_file>
      <input_file id="fl-16">
         <path>..\</path>
         <kind>archive</kind>
         <file>CSLc55x5h.lib</file>
         <name>csl_pll.obj</name>
      </input_file>
      <input_file id="fl-17">
         <path>..\</path>
         <kind>archive</kind>
         <file>CSLc55x5h.lib</file>
         <name>csl_irqplug.obj</name>
      </input_file>
      <input_file id="fl-18">
         <path>..\</path>
         <kind>archive</kind>
         <file>CSLc55x5h.lib</file>
         <name>csl_intc.obj</name>
      </input_file>
      <input_file id="fl-19">
         <path>..\</path>
         <kind>archive</kind>
         <file>CSLc55x5h.lib</file>
         <name>csl_gpt.obj</name>
      </input_file>
      <input_file id="fl-2d">
         <path>D:\Mao\software\ccs1260\ccs\tools\compiler\c5500_4.4.1\lib\</path>
         <kind>archive</kind>
         <file>rts55h.lib</file>
         <name>boot.obj</name>
      </input_file>
      <input_file id="fl-2e">
         <path>D:\Mao\software\ccs1260\ccs\tools\compiler\c5500_4.4.1\lib\</path>
         <kind>archive</kind>
         <file>rts55h.lib</file>
         <name>divul.obj</name>
      </input_file>
      <input_file id="fl-2f">
         <path>D:\Mao\software\ccs1260\ccs\tools\compiler\c5500_4.4.1\lib\</path>
         <kind>archive</kind>
         <file>rts55h.lib</file>
         <name>exit.obj</name>
      </input_file>
      <input_file id="fl-30">
         <path>D:\Mao\software\ccs1260\ccs\tools\compiler\c5500_4.4.1\lib\</path>
         <kind>archive</kind>
         <file>rts55h.lib</file>
         <name>fputs.obj</name>
      </input_file>
      <input_file id="fl-31">
         <path>D:\Mao\software\ccs1260\ccs\tools\compiler\c5500_4.4.1\lib\</path>
         <kind>archive</kind>
         <file>rts55h.lib</file>
         <name>lmpy.obj</name>
      </input_file>
      <input_file id="fl-32">
         <path>D:\Mao\software\ccs1260\ccs\tools\compiler\c5500_4.4.1\lib\</path>
         <kind>archive</kind>
         <file>rts55h.lib</file>
         <name>lowlev.obj</name>
      </input_file>
      <input_file id="fl-33">
         <path>D:\Mao\software\ccs1260\ccs\tools\compiler\c5500_4.4.1\lib\</path>
         <kind>archive</kind>
         <file>rts55h.lib</file>
         <name>memcpy.obj</name>
      </input_file>
      <input_file id="fl-34">
         <path>D:\Mao\software\ccs1260\ccs\tools\compiler\c5500_4.4.1\lib\</path>
         <kind>archive</kind>
         <file>rts55h.lib</file>
         <name>printf.obj</name>
      </input_file>
      <input_file id="fl-35">
         <path>D:\Mao\software\ccs1260\ccs\tools\compiler\c5500_4.4.1\lib\</path>
         <kind>archive</kind>
         <file>rts55h.lib</file>
         <name>trgdrv.obj</name>
      </input_file>
      <input_file id="fl-36">
         <path>D:\Mao\software\ccs1260\ccs\tools\compiler\c5500_4.4.1\lib\</path>
         <kind>archive</kind>
         <file>rts55h.lib</file>
         <name>trgmsg.obj</name>
      </input_file>
      <input_file id="fl-37">
         <path>D:\Mao\software\ccs1260\ccs\tools\compiler\c5500_4.4.1\lib\</path>
         <kind>archive</kind>
         <file>rts55h.lib</file>
         <name>vectors.obj</name>
      </input_file>
      <input_file id="fl-38">
         <path>D:\Mao\software\ccs1260\ccs\tools\compiler\c5500_4.4.1\lib\</path>
         <kind>archive</kind>
         <file>rts55h.lib</file>
         <name>_io_perm.obj</name>
      </input_file>
      <input_file id="fl-39">
         <path>D:\Mao\software\ccs1260\ccs\tools\compiler\c5500_4.4.1\lib\</path>
         <kind>archive</kind>
         <file>rts55h.lib</file>
         <name>_lock.obj</name>
      </input_file>
      <input_file id="fl-3a">
         <path>D:\Mao\software\ccs1260\ccs\tools\compiler\c5500_4.4.1\lib\</path>
         <kind>archive</kind>
         <file>rts55h.lib</file>
         <name>_printfi.obj</name>
      </input_file>
      <input_file id="fl-3b">
         <path>D:\Mao\software\ccs1260\ccs\tools\compiler\c5500_4.4.1\lib\</path>
         <kind>archive</kind>
         <file>rts55h.lib</file>
         <name>args_main.obj</name>
      </input_file>
      <input_file id="fl-3c">
         <path>D:\Mao\software\ccs1260\ccs\tools\compiler\c5500_4.4.1\lib\</path>
         <kind>archive</kind>
         <file>rts55h.lib</file>
         <name>atoi.obj</name>
      </input_file>
      <input_file id="fl-3d">
         <path>D:\Mao\software\ccs1260\ccs\tools\compiler\c5500_4.4.1\lib\</path>
         <kind>archive</kind>
         <file>rts55h.lib</file>
         <name>autoinit.obj</name>
      </input_file>
      <input_file id="fl-3e">
         <path>D:\Mao\software\ccs1260\ccs\tools\compiler\c5500_4.4.1\lib\</path>
         <kind>archive</kind>
         <file>rts55h.lib</file>
         <name>cmpd.obj</name>
      </input_file>
      <input_file id="fl-3f">
         <path>D:\Mao\software\ccs1260\ccs\tools\compiler\c5500_4.4.1\lib\</path>
         <kind>archive</kind>
         <file>rts55h.lib</file>
         <name>ctype.obj</name>
      </input_file>
      <input_file id="fl-40">
         <path>D:\Mao\software\ccs1260\ccs\tools\compiler\c5500_4.4.1\lib\</path>
         <kind>archive</kind>
         <file>rts55h.lib</file>
         <name>defs.obj</name>
      </input_file>
      <input_file id="fl-41">
         <path>D:\Mao\software\ccs1260\ccs\tools\compiler\c5500_4.4.1\lib\</path>
         <kind>archive</kind>
         <file>rts55h.lib</file>
         <name>divd.obj</name>
      </input_file>
      <input_file id="fl-42">
         <path>D:\Mao\software\ccs1260\ccs\tools\compiler\c5500_4.4.1\lib\</path>
         <kind>archive</kind>
         <file>rts55h.lib</file>
         <name>fflush.obj</name>
      </input_file>
      <input_file id="fl-43">
         <path>D:\Mao\software\ccs1260\ccs\tools\compiler\c5500_4.4.1\lib\</path>
         <kind>archive</kind>
         <file>rts55h.lib</file>
         <name>fixdi.obj</name>
      </input_file>
      <input_file id="fl-44">
         <path>D:\Mao\software\ccs1260\ccs\tools\compiler\c5500_4.4.1\lib\</path>
         <kind>archive</kind>
         <file>rts55h.lib</file>
         <name>fixdli.obj</name>
      </input_file>
      <input_file id="fl-45">
         <path>D:\Mao\software\ccs1260\ccs\tools\compiler\c5500_4.4.1\lib\</path>
         <kind>archive</kind>
         <file>rts55h.lib</file>
         <name>fltlid.obj</name>
      </input_file>
      <input_file id="fl-46">
         <path>D:\Mao\software\ccs1260\ccs\tools\compiler\c5500_4.4.1\lib\</path>
         <kind>archive</kind>
         <file>rts55h.lib</file>
         <name>fputc.obj</name>
      </input_file>
      <input_file id="fl-47">
         <path>D:\Mao\software\ccs1260\ccs\tools\compiler\c5500_4.4.1\lib\</path>
         <kind>archive</kind>
         <file>rts55h.lib</file>
         <name>frcmpyd_div.obj</name>
      </input_file>
      <input_file id="fl-48">
         <path>D:\Mao\software\ccs1260\ccs\tools\compiler\c5500_4.4.1\lib\</path>
         <kind>archive</kind>
         <file>rts55h.lib</file>
         <name>fseek.obj</name>
      </input_file>
      <input_file id="fl-49">
         <path>D:\Mao\software\ccs1260\ccs\tools\compiler\c5500_4.4.1\lib\</path>
         <kind>archive</kind>
         <file>rts55h.lib</file>
         <name>isinf.obj</name>
      </input_file>
      <input_file id="fl-4a">
         <path>D:\Mao\software\ccs1260\ccs\tools\compiler\c5500_4.4.1\lib\</path>
         <kind>archive</kind>
         <file>rts55h.lib</file>
         <name>llmpy.obj</name>
      </input_file>
      <input_file id="fl-4b">
         <path>D:\Mao\software\ccs1260\ccs\tools\compiler\c5500_4.4.1\lib\</path>
         <kind>archive</kind>
         <file>rts55h.lib</file>
         <name>ltoa.obj</name>
      </input_file>
      <input_file id="fl-4c">
         <path>D:\Mao\software\ccs1260\ccs\tools\compiler\c5500_4.4.1\lib\</path>
         <kind>archive</kind>
         <file>rts55h.lib</file>
         <name>memccpy.obj</name>
      </input_file>
      <input_file id="fl-4d">
         <path>D:\Mao\software\ccs1260\ccs\tools\compiler\c5500_4.4.1\lib\</path>
         <kind>archive</kind>
         <file>rts55h.lib</file>
         <name>mpyd.obj</name>
      </input_file>
      <input_file id="fl-4e">
         <path>D:\Mao\software\ccs1260\ccs\tools\compiler\c5500_4.4.1\lib\</path>
         <kind>archive</kind>
         <file>rts55h.lib</file>
         <name>negd.obj</name>
      </input_file>
      <input_file id="fl-4f">
         <path>D:\Mao\software\ccs1260\ccs\tools\compiler\c5500_4.4.1\lib\</path>
         <kind>archive</kind>
         <file>rts55h.lib</file>
         <name>remli.obj</name>
      </input_file>
      <input_file id="fl-50">
         <path>D:\Mao\software\ccs1260\ccs\tools\compiler\c5500_4.4.1\lib\</path>
         <kind>archive</kind>
         <file>rts55h.lib</file>
         <name>remul.obj</name>
      </input_file>
      <input_file id="fl-51">
         <path>D:\Mao\software\ccs1260\ccs\tools\compiler\c5500_4.4.1\lib\</path>
         <kind>archive</kind>
         <file>rts55h.lib</file>
         <name>setvbuf.obj</name>
      </input_file>
      <input_file id="fl-52">
         <path>D:\Mao\software\ccs1260\ccs\tools\compiler\c5500_4.4.1\lib\</path>
         <kind>archive</kind>
         <file>rts55h.lib</file>
         <name>subd.obj</name>
      </input_file>
      <input_file id="fl-53">
         <path>D:\Mao\software\ccs1260\ccs\tools\compiler\c5500_4.4.1\lib\</path>
         <kind>archive</kind>
         <file>rts55h.lib</file>
         <name>udiv.obj</name>
      </input_file>
      <input_file id="fl-54">
         <path>D:\Mao\software\ccs1260\ccs\tools\compiler\c5500_4.4.1\lib\</path>
         <kind>archive</kind>
         <file>rts55h.lib</file>
         <name>addd.obj</name>
      </input_file>
      <input_file id="fl-55">
         <path>D:\Mao\software\ccs1260\ccs\tools\compiler\c5500_4.4.1\lib\</path>
         <kind>archive</kind>
         <file>rts55h.lib</file>
         <name>divli.obj</name>
      </input_file>
      <input_file id="fl-56">
         <path>D:\Mao\software\ccs1260\ccs\tools\compiler\c5500_4.4.1\lib\</path>
         <kind>archive</kind>
         <file>rts55h.lib</file>
         <name>fopen.obj</name>
      </input_file>
      <input_file id="fl-57">
         <path>D:\Mao\software\ccs1260\ccs\tools\compiler\c5500_4.4.1\lib\</path>
         <kind>archive</kind>
         <file>rts55h.lib</file>
         <name>frcmpyd.obj</name>
      </input_file>
      <input_file id="fl-58">
         <path>D:\Mao\software\ccs1260\ccs\tools\compiler\c5500_4.4.1\lib\</path>
         <kind>archive</kind>
         <file>rts55h.lib</file>
         <name>memory.obj</name>
      </input_file>
      <input_file id="fl-59">
         <path>D:\Mao\software\ccs1260\ccs\tools\compiler\c5500_4.4.1\lib\</path>
         <kind>archive</kind>
         <file>rts55h.lib</file>
         <name>fclose.obj</name>
      </input_file>
      <input_file id="fl-5a">
         <path>D:\Mao\software\ccs1260\ccs\tools\compiler\c5500_4.4.1\lib\</path>
         <kind>archive</kind>
         <file>rts55h.lib</file>
         <name>remove.obj</name>
      </input_file>
   </input_file_list>
   <object_component_list>
      <object_component id="oc-c3">
         <name>.text</name>
         <load_address>0x20000</load_address>
         <run_address>0x20000</run_address>
         <size>0x1533</size>
         <input_file_ref idref="fl-3a"/>
      </object_component>
      <object_component id="oc-12">
         <name>.text</name>
         <load_address>0x21533</load_address>
         <run_address>0x21533</run_address>
         <size>0x70c</size>
         <input_file_ref idref="fl-2"/>
      </object_component>
      <object_component id="oc-79">
         <name>.text</name>
         <load_address>0x21c3f</load_address>
         <run_address>0x21c3f</run_address>
         <size>0x554</size>
         <input_file_ref idref="fl-18"/>
      </object_component>
      <object_component id="oc-aa">
         <name>.text</name>
         <load_address>0x22193</load_address>
         <run_address>0x22193</run_address>
         <size>0x538</size>
         <input_file_ref idref="fl-35"/>
      </object_component>
      <object_component id="oc-13e">
         <name>.text</name>
         <load_address>0x226cb</load_address>
         <run_address>0x226cb</run_address>
         <size>0x533</size>
         <input_file_ref idref="fl-58"/>
      </object_component>
      <object_component id="oc-2e">
         <name>.text</name>
         <load_address>0x22bfe</load_address>
         <run_address>0x22bfe</run_address>
         <size>0x522</size>
         <input_file_ref idref="fl-6"/>
      </object_component>
      <object_component id="oc-9c">
         <name>.text</name>
         <load_address>0x23120</load_address>
         <run_address>0x23120</run_address>
         <size>0x518</size>
         <input_file_ref idref="fl-32"/>
      </object_component>
      <object_component id="oc-df">
         <name>.text</name>
         <load_address>0x23638</load_address>
         <run_address>0x23638</run_address>
         <size>0x3c7</size>
         <input_file_ref idref="fl-41"/>
      </object_component>
      <object_component id="oc-19">
         <name>.text</name>
         <load_address>0x239ff</load_address>
         <run_address>0x239ff</run_address>
         <size>0x340</size>
         <input_file_ref idref="fl-3"/>
      </object_component>
      <object_component id="oc-7f">
         <name>.text</name>
         <load_address>0x23d3f</load_address>
         <run_address>0x23d3f</run_address>
         <size>0x2fd</size>
         <input_file_ref idref="fl-19"/>
      </object_component>
      <object_component id="oc-70">
         <name>.text</name>
         <load_address>0x2403c</load_address>
         <run_address>0x2403c</run_address>
         <size>0x2ad</size>
         <input_file_ref idref="fl-16"/>
      </object_component>
      <object_component id="oc-134">
         <name>.text</name>
         <load_address>0x242e9</load_address>
         <run_address>0x242e9</run_address>
         <size>0x26c</size>
         <input_file_ref idref="fl-56"/>
      </object_component>
      <object_component id="oc-104">
         <name>.text</name>
         <load_address>0x24555</load_address>
         <run_address>0x24555</run_address>
         <size>0x25c</size>
         <input_file_ref idref="fl-4a"/>
      </object_component>
      <object_component id="oc-12c">
         <name>.text</name>
         <load_address>0x247b1</load_address>
         <run_address>0x247b1</run_address>
         <size>0x257</size>
         <input_file_ref idref="fl-54"/>
      </object_component>
      <object_component id="oc-21">
         <name>.text</name>
         <load_address>0x24a08</load_address>
         <run_address>0x24a08</run_address>
         <size>0x224</size>
         <input_file_ref idref="fl-4"/>
      </object_component>
      <object_component id="oc-d5">
         <name>.text</name>
         <load_address>0x24c2c</load_address>
         <run_address>0x24c2c</run_address>
         <size>0x1ea</size>
         <input_file_ref idref="fl-3e"/>
      </object_component>
      <object_component id="oc-47">
         <name>.text</name>
         <load_address>0x24e16</load_address>
         <run_address>0x24e16</run_address>
         <size>0x1ab</size>
         <input_file_ref idref="fl-a"/>
      </object_component>
      <object_component id="oc-3b">
         <name>.text</name>
         <load_address>0x24fc1</load_address>
         <run_address>0x24fc1</run_address>
         <size>0x17d</size>
         <input_file_ref idref="fl-8"/>
      </object_component>
      <object_component id="oc-93">
         <name>.text</name>
         <load_address>0x2513e</load_address>
         <run_address>0x2513e</run_address>
         <size>0x17b</size>
         <input_file_ref idref="fl-30"/>
      </object_component>
      <object_component id="oc-55">
         <name>.text</name>
         <load_address>0x252b9</load_address>
         <run_address>0x252b9</run_address>
         <size>0x164</size>
         <input_file_ref idref="fl-c"/>
      </object_component>
      <object_component id="oc-110">
         <name>.text</name>
         <load_address>0x2541d</load_address>
         <run_address>0x2541d</run_address>
         <size>0x14b</size>
         <input_file_ref idref="fl-4d"/>
      </object_component>
      <object_component id="oc-4b">
         <name>.text:retain</name>
         <load_address>0x25568</load_address>
         <run_address>0x25568</run_address>
         <size>0x148</size>
         <input_file_ref idref="fl-a"/>
      </object_component>
      <object_component id="oc-28">
         <name>.text</name>
         <load_address>0x256b0</load_address>
         <run_address>0x256b0</run_address>
         <size>0x13b</size>
         <input_file_ref idref="fl-5"/>
      </object_component>
      <object_component id="oc-5a">
         <name>.text</name>
         <load_address>0x257eb</load_address>
         <run_address>0x257eb</run_address>
         <size>0x12a</size>
         <input_file_ref idref="fl-d"/>
      </object_component>
      <object_component id="oc-34">
         <name>.text</name>
         <load_address>0x25915</load_address>
         <run_address>0x25915</run_address>
         <size>0x100</size>
         <input_file_ref idref="fl-7"/>
      </object_component>
      <object_component id="oc-120">
         <name>.text</name>
         <load_address>0x25a15</load_address>
         <run_address>0x25a15</run_address>
         <size>0xf3</size>
         <input_file_ref idref="fl-51"/>
      </object_component>
      <object_component id="oc-b9">
         <name>.text</name>
         <load_address>0x25b08</load_address>
         <run_address>0x25b08</run_address>
         <size>0xda</size>
         <input_file_ref idref="fl-38"/>
      </object_component>
      <object_component id="oc-b2">
         <name>.text:CIO_breakpoint</name>
         <load_address>0x25be2</load_address>
         <run_address>0x25be2</run_address>
         <size>0xbe</size>
         <input_file_ref idref="fl-36"/>
      </object_component>
      <object_component id="oc-e3">
         <name>.text</name>
         <load_address>0x25ca0</load_address>
         <run_address>0x25ca0</run_address>
         <size>0xba</size>
         <input_file_ref idref="fl-42"/>
      </object_component>
      <object_component id="oc-f4">
         <name>.text</name>
         <load_address>0x25d5a</load_address>
         <run_address>0x25d5a</run_address>
         <size>0xa2</size>
         <input_file_ref idref="fl-46"/>
      </object_component>
      <object_component id="oc-88">
         <name>.text</name>
         <load_address>0x25dfc</load_address>
         <run_address>0x25dfc</run_address>
         <size>0xa0</size>
         <input_file_ref idref="fl-2e"/>
      </object_component>
      <object_component id="oc-75">
         <name>.text</name>
         <load_address>0x25e9c</load_address>
         <run_address>0x25e9c</run_address>
         <size>0x8c</size>
         <input_file_ref idref="fl-17"/>
      </object_component>
      <object_component id="oc-108">
         <name>.text</name>
         <load_address>0x25f28</load_address>
         <run_address>0x25f28</run_address>
         <size>0x79</size>
         <input_file_ref idref="fl-4b"/>
      </object_component>
      <object_component id="oc-66">
         <name>.text</name>
         <load_address>0x25fa1</load_address>
         <run_address>0x25fa1</run_address>
         <size>0x77</size>
         <input_file_ref idref="fl-14"/>
      </object_component>
      <object_component id="oc-145">
         <name>.text</name>
         <load_address>0x26018</load_address>
         <run_address>0x26018</run_address>
         <size>0x76</size>
         <input_file_ref idref="fl-59"/>
      </object_component>
      <object_component id="oc-13a">
         <name>.text</name>
         <load_address>0x2608e</load_address>
         <run_address>0x2608e</run_address>
         <size>0x76</size>
         <input_file_ref idref="fl-57"/>
      </object_component>
      <object_component id="oc-f8">
         <name>.text</name>
         <load_address>0x26104</load_address>
         <run_address>0x26104</run_address>
         <size>0x73</size>
         <input_file_ref idref="fl-47"/>
      </object_component>
      <object_component id="oc-11c">
         <name>.text</name>
         <load_address>0x26177</load_address>
         <run_address>0x26177</run_address>
         <size>0x70</size>
         <input_file_ref idref="fl-50"/>
      </object_component>
      <object_component id="oc-eb">
         <name>.text</name>
         <load_address>0x261e7</load_address>
         <run_address>0x261e7</run_address>
         <size>0x6e</size>
         <input_file_ref idref="fl-44"/>
      </object_component>
      <object_component id="oc-6b">
         <name>.text</name>
         <load_address>0x26255</load_address>
         <run_address>0x26255</run_address>
         <size>0x6d</size>
         <input_file_ref idref="fl-15"/>
      </object_component>
      <object_component id="oc-af">
         <name>.text</name>
         <load_address>0x262c2</load_address>
         <run_address>0x262c2</run_address>
         <size>0x6b</size>
         <input_file_ref idref="fl-36"/>
      </object_component>
      <object_component id="oc-fc">
         <name>.text</name>
         <load_address>0x2632d</load_address>
         <run_address>0x2632d</run_address>
         <size>0x68</size>
         <input_file_ref idref="fl-48"/>
      </object_component>
      <object_component id="oc-ef">
         <name>.text</name>
         <load_address>0x26395</load_address>
         <run_address>0x26395</run_address>
         <size>0x67</size>
         <input_file_ref idref="fl-45"/>
      </object_component>
      <object_component id="oc-cd">
         <name>.text</name>
         <load_address>0x263fc</load_address>
         <run_address>0x263fc</run_address>
         <size>0x59</size>
         <input_file_ref idref="fl-3c"/>
      </object_component>
      <object_component id="oc-a2">
         <name>.text</name>
         <load_address>0x26455</load_address>
         <run_address>0x26455</run_address>
         <size>0x56</size>
         <input_file_ref idref="fl-33"/>
      </object_component>
      <object_component id="oc-50">
         <name>.text</name>
         <load_address>0x264ab</load_address>
         <run_address>0x264ab</run_address>
         <size>0x54</size>
         <input_file_ref idref="fl-b"/>
      </object_component>
      <object_component id="oc-a6">
         <name>.text</name>
         <load_address>0x264ff</load_address>
         <run_address>0x264ff</run_address>
         <size>0x4e</size>
         <input_file_ref idref="fl-34"/>
      </object_component>
      <object_component id="oc-d1">
         <name>.text</name>
         <load_address>0x2654d</load_address>
         <run_address>0x2654d</run_address>
         <size>0x4d</size>
         <input_file_ref idref="fl-3d"/>
      </object_component>
      <object_component id="oc-118">
         <name>.text</name>
         <load_address>0x2659a</load_address>
         <run_address>0x2659a</run_address>
         <size>0x4b</size>
         <input_file_ref idref="fl-4f"/>
      </object_component>
      <object_component id="oc-c9">
         <name>.text</name>
         <load_address>0x265e5</load_address>
         <run_address>0x265e5</run_address>
         <size>0x49</size>
         <input_file_ref idref="fl-3b"/>
      </object_component>
      <object_component id="oc-130">
         <name>.text</name>
         <load_address>0x2662e</load_address>
         <run_address>0x2662e</run_address>
         <size>0x48</size>
         <input_file_ref idref="fl-55"/>
      </object_component>
      <object_component id="oc-8c">
         <name>.text</name>
         <load_address>0x26676</load_address>
         <run_address>0x26676</run_address>
         <size>0x3e</size>
         <input_file_ref idref="fl-2f"/>
      </object_component>
      <object_component id="oc-61">
         <name>.text</name>
         <load_address>0x266b4</load_address>
         <run_address>0x266b4</run_address>
         <size>0x39</size>
         <input_file_ref idref="fl-13"/>
      </object_component>
      <object_component id="oc-10">
         <name>.text</name>
         <load_address>0x266ed</load_address>
         <run_address>0x266ed</run_address>
         <size>0x34</size>
         <input_file_ref idref="fl-2d"/>
      </object_component>
      <object_component id="oc-e7">
         <name>.text</name>
         <load_address>0x26721</load_address>
         <run_address>0x26721</run_address>
         <size>0x2a</size>
         <input_file_ref idref="fl-43"/>
      </object_component>
      <object_component id="oc-128">
         <name>.text</name>
         <load_address>0x2674b</load_address>
         <run_address>0x2674b</run_address>
         <size>0x2a</size>
         <input_file_ref idref="fl-53"/>
      </object_component>
      <object_component id="oc-10c">
         <name>.text</name>
         <load_address>0x26775</load_address>
         <run_address>0x26775</run_address>
         <size>0x22</size>
         <input_file_ref idref="fl-4c"/>
      </object_component>
      <object_component id="oc-42">
         <name>.text</name>
         <load_address>0x26797</load_address>
         <run_address>0x26797</run_address>
         <size>0x1c</size>
         <input_file_ref idref="fl-9"/>
      </object_component>
      <object_component id="oc-100">
         <name>.text</name>
         <load_address>0x267b3</load_address>
         <run_address>0x267b3</run_address>
         <size>0x1a</size>
         <input_file_ref idref="fl-49"/>
      </object_component>
      <object_component id="oc-124">
         <name>.text</name>
         <load_address>0x267cd</load_address>
         <run_address>0x267cd</run_address>
         <size>0x14</size>
         <input_file_ref idref="fl-52"/>
      </object_component>
      <object_component id="oc-98">
         <name>.text</name>
         <load_address>0x267e1</load_address>
         <run_address>0x267e1</run_address>
         <size>0x13</size>
         <input_file_ref idref="fl-31"/>
      </object_component>
      <object_component id="oc-bd">
         <name>.text</name>
         <load_address>0x267f4</load_address>
         <run_address>0x267f4</run_address>
         <size>0x12</size>
         <input_file_ref idref="fl-39"/>
      </object_component>
      <object_component id="oc-114">
         <name>.text</name>
         <load_address>0x26806</load_address>
         <run_address>0x26806</run_address>
         <size>0x10</size>
         <input_file_ref idref="fl-4e"/>
      </object_component>
      <object_component id="oc-149">
         <name>.text</name>
         <load_address>0x26816</load_address>
         <run_address>0x26816</run_address>
         <size>0xa</size>
         <input_file_ref idref="fl-5a"/>
      </object_component>
      <object_component id="oc-90">
         <name>.text:CIO_breakpoint</name>
         <load_address>0x26820</load_address>
         <run_address>0x26820</run_address>
         <size>0x7</size>
         <input_file_ref idref="fl-2f"/>
      </object_component>
      <object_component id="oc-b5">
         <name>.text</name>
         <load_address>0x26827</load_address>
         <run_address>0x26827</run_address>
         <size>0x2</size>
         <input_file_ref idref="fl-37"/>
      </object_component>
      <object_component id="oc-84">
         <name>.stack</name>
         <uninitialized>true</uninitialized>
         <run_address>0xc0</run_address>
         <size>0x0</size>
         <input_file_ref idref="fl-2d"/>
      </object_component>
      <object_component id="oc-168">
         <name>.stack</name>
         <uninitialized>true</uninitialized>
         <run_address>0xc0</run_address>
         <size>0x0</size>
      </object_component>
      <object_component id="oc-14d">
         <name>.sysstack</name>
         <uninitialized>true</uninitialized>
         <run_address>0x20c0</run_address>
         <size>0x0</size>
         <input_file_ref idref="fl-2d"/>
      </object_component>
      <object_component id="oc-16a">
         <name>.sysstack</name>
         <uninitialized>true</uninitialized>
         <run_address>0x20c0</run_address>
         <size>0x0</size>
      </object_component>
      <object_component id="oc-62">
         <name>.data</name>
         <load_address>0x637e</load_address>
         <run_address>0x637e</run_address>
         <size>0xc</size>
         <input_file_ref idref="fl-13"/>
      </object_component>
      <object_component id="oc-67">
         <name>.data</name>
         <load_address>0x638a</load_address>
         <run_address>0x638a</run_address>
         <size>0xc</size>
         <input_file_ref idref="fl-14"/>
      </object_component>
      <object_component id="oc-db">
         <name>.bss</name>
         <uninitialized>true</uninitialized>
         <run_address>0x5cc0</run_address>
         <size>0x232</size>
         <input_file_ref idref="fl-40"/>
      </object_component>
      <object_component id="oc-ab">
         <name>.bss</name>
         <uninitialized>true</uninitialized>
         <run_address>0x5ef2</run_address>
         <size>0x1a0</size>
         <input_file_ref idref="fl-35"/>
      </object_component>
      <object_component id="oc-135">
         <name>.bss</name>
         <uninitialized>true</uninitialized>
         <run_address>0x6092</run_address>
         <size>0x2</size>
         <input_file_ref idref="fl-56"/>
      </object_component>
      <object_component id="oc-7a">
         <name>.bss</name>
         <uninitialized>true</uninitialized>
         <run_address>0x6094</run_address>
         <size>0x108</size>
         <input_file_ref idref="fl-18"/>
      </object_component>
      <object_component id="oc-9d">
         <name>.bss</name>
         <uninitialized>true</uninitialized>
         <run_address>0x619c</run_address>
         <size>0xe2</size>
         <input_file_ref idref="fl-32"/>
      </object_component>
      <object_component id="oc-5b">
         <name>.bss</name>
         <uninitialized>true</uninitialized>
         <run_address>0x627e</run_address>
         <size>0x2</size>
         <input_file_ref idref="fl-d"/>
      </object_component>
      <object_component id="oc-1a">
         <name>.bss</name>
         <uninitialized>true</uninitialized>
         <run_address>0x6280</run_address>
         <size>0x6c</size>
         <input_file_ref idref="fl-3"/>
      </object_component>
      <object_component id="oc-13">
         <name>.bss</name>
         <uninitialized>true</uninitialized>
         <run_address>0x62ec</run_address>
         <size>0x48</size>
         <input_file_ref idref="fl-2"/>
      </object_component>
      <object_component id="oc-48">
         <name>.bss</name>
         <uninitialized>true</uninitialized>
         <run_address>0x6334</run_address>
         <size>0x10</size>
         <input_file_ref idref="fl-a"/>
      </object_component>
      <object_component id="oc-13f">
         <name>.bss</name>
         <uninitialized>true</uninitialized>
         <run_address>0x6344</run_address>
         <size>0xe</size>
         <input_file_ref idref="fl-58"/>
      </object_component>
      <object_component id="oc-35">
         <name>.bss</name>
         <uninitialized>true</uninitialized>
         <run_address>0x6352</run_address>
         <size>0xa</size>
         <input_file_ref idref="fl-7"/>
      </object_component>
      <object_component id="oc-22">
         <name>.bss</name>
         <uninitialized>true</uninitialized>
         <run_address>0x635c</run_address>
         <size>0x8</size>
         <input_file_ref idref="fl-4"/>
      </object_component>
      <object_component id="oc-be">
         <name>.bss</name>
         <uninitialized>true</uninitialized>
         <run_address>0x6364</run_address>
         <size>0x8</size>
         <input_file_ref idref="fl-39"/>
      </object_component>
      <object_component id="oc-8d">
         <name>.bss</name>
         <uninitialized>true</uninitialized>
         <run_address>0x636c</run_address>
         <size>0x8</size>
         <input_file_ref idref="fl-2f"/>
      </object_component>
      <object_component id="oc-3c">
         <name>.bss</name>
         <uninitialized>true</uninitialized>
         <run_address>0x6374</run_address>
         <size>0x6</size>
         <input_file_ref idref="fl-8"/>
      </object_component>
      <object_component id="oc-29">
         <name>.bss</name>
         <uninitialized>true</uninitialized>
         <run_address>0x637a</run_address>
         <size>0x4</size>
         <input_file_ref idref="fl-5"/>
      </object_component>
      <object_component id="oc-1d">
         <name>.const:.string</name>
         <load_address>0x50c0</load_address>
         <run_address>0x50c0</run_address>
         <size>0x46c</size>
         <input_file_ref idref="fl-3"/>
      </object_component>
      <object_component id="oc-30">
         <name>.const:.string</name>
         <load_address>0x552c</load_address>
         <run_address>0x552c</run_address>
         <size>0x2e8</size>
         <input_file_ref idref="fl-6"/>
      </object_component>
      <object_component id="oc-14f">
         <name>.const:__ctypes_</name>
         <load_address>0x5814</load_address>
         <run_address>0x5814</run_address>
         <size>0x202</size>
         <input_file_ref idref="fl-3f"/>
      </object_component>
      <object_component id="oc-37">
         <name>.const:.string</name>
         <load_address>0x5a18</load_address>
         <run_address>0x5a18</run_address>
         <size>0x176</size>
         <input_file_ref idref="fl-7"/>
      </object_component>
      <object_component id="oc-4c">
         <name>.const:.string</name>
         <load_address>0x5b90</load_address>
         <run_address>0x5b90</run_address>
         <size>0xac</size>
         <input_file_ref idref="fl-a"/>
      </object_component>
      <object_component id="oc-c6">
         <name>.const:.string</name>
         <load_address>0x5c3c</load_address>
         <run_address>0x5c3c</run_address>
         <size>0x48</size>
         <input_file_ref idref="fl-3a"/>
      </object_component>
      <object_component id="oc-c5">
         <name>.const</name>
         <load_address>0x5c84</load_address>
         <run_address>0x5c84</run_address>
         <size>0x18</size>
         <input_file_ref idref="fl-3a"/>
      </object_component>
      <object_component id="oc-150">
         <name>.const:_initial_approx$1</name>
         <load_address>0x5c9c</load_address>
         <run_address>0x5c9c</run_address>
         <size>0x10</size>
         <input_file_ref idref="fl-41"/>
      </object_component>
      <object_component id="oc-14e">
         <name>.const:_IIR_low_pass_4800Hz</name>
         <load_address>0x5cac</load_address>
         <run_address>0x5cac</run_address>
         <size>0xc</size>
         <input_file_ref idref="fl-7"/>
      </object_component>
      <object_component id="oc-95">
         <name>.const:.string</name>
         <load_address>0x5cb8</load_address>
         <run_address>0x5cb8</run_address>
         <size>0x4</size>
         <input_file_ref idref="fl-30"/>
      </object_component>
      <object_component id="oc-f1">
         <name>.const</name>
         <load_address>0x5cbc</load_address>
         <run_address>0x5cbc</run_address>
         <size>0x4</size>
         <input_file_ref idref="fl-45"/>
      </object_component>
      <object_component id="oc-142">
         <name>.sysmem</name>
         <uninitialized>true</uninitialized>
         <run_address>0x30c0</run_address>
         <size>0x0</size>
         <input_file_ref idref="fl-58"/>
      </object_component>
      <object_component id="oc-169">
         <name>.sysmem</name>
         <uninitialized>true</uninitialized>
         <run_address>0x30c0</run_address>
         <size>0x0</size>
      </object_component>
      <object_component id="oc-1c">
         <name>.cinit</name>
         <load_address>0x40240</load_address>
         <run_address>0x40240</run_address>
         <size>0x8c</size>
         <input_file_ref idref="fl-3"/>
      </object_component>
      <object_component id="oc-15">
         <name>.cinit</name>
         <load_address>0x402cc</load_address>
         <run_address>0x402cc</run_address>
         <size>0x72</size>
         <input_file_ref idref="fl-2"/>
      </object_component>
      <object_component id="oc-9f">
         <name>.cinit</name>
         <load_address>0x4033e</load_address>
         <run_address>0x4033e</run_address>
         <size>0x5a</size>
         <input_file_ref idref="fl-32"/>
      </object_component>
      <object_component id="oc-dd">
         <name>.cinit</name>
         <load_address>0x40398</load_address>
         <run_address>0x40398</run_address>
         <size>0x54</size>
         <input_file_ref idref="fl-40"/>
      </object_component>
      <object_component id="oc-24">
         <name>.cinit</name>
         <load_address>0x403ec</load_address>
         <run_address>0x403ec</run_address>
         <size>0x1a</size>
         <input_file_ref idref="fl-4"/>
      </object_component>
      <object_component id="oc-4a">
         <name>.cinit</name>
         <load_address>0x40406</load_address>
         <run_address>0x40406</run_address>
         <size>0x1a</size>
         <input_file_ref idref="fl-a"/>
      </object_component>
      <object_component id="oc-3e">
         <name>.cinit</name>
         <load_address>0x40420</load_address>
         <run_address>0x40420</run_address>
         <size>0x18</size>
         <input_file_ref idref="fl-8"/>
      </object_component>
      <object_component id="oc-c0">
         <name>.cinit</name>
         <load_address>0x40438</load_address>
         <run_address>0x40438</run_address>
         <size>0x14</size>
         <input_file_ref idref="fl-39"/>
      </object_component>
      <object_component id="oc-8f">
         <name>.cinit</name>
         <load_address>0x4044c</load_address>
         <run_address>0x4044c</run_address>
         <size>0x14</size>
         <input_file_ref idref="fl-2f"/>
      </object_component>
      <object_component id="oc-137">
         <name>.cinit</name>
         <load_address>0x40460</load_address>
         <run_address>0x40460</run_address>
         <size>0x8</size>
         <input_file_ref idref="fl-56"/>
      </object_component>
      <object_component id="oc-141">
         <name>.cinit</name>
         <load_address>0x40468</load_address>
         <run_address>0x40468</run_address>
         <size>0x8</size>
         <input_file_ref idref="fl-58"/>
      </object_component>
      <object_component id="oc-5d">
         <name>.cinit</name>
         <load_address>0x40470</load_address>
         <run_address>0x40470</run_address>
         <size>0x8</size>
         <input_file_ref idref="fl-d"/>
      </object_component>
      <object_component id="oc-b1">
         <name>.cio</name>
         <uninitialized>true</uninitialized>
         <run_address>0x40000</run_address>
         <size>0x240</size>
         <input_file_ref idref="fl-36"/>
      </object_component>
      <object_component id="oc-6c">
         <name>vectors</name>
         <load_address>0x4fe00</load_address>
         <run_address>0x4fe00</run_address>
         <size>0x100</size>
         <input_file_ref idref="fl-15"/>
      </object_component>
      <object_component id="oc-11">
         <name>vectors</name>
         <load_address>0x4ff00</load_address>
         <run_address>0x4ff00</run_address>
         <size>0x100</size>
         <input_file_ref idref="fl-37"/>
      </object_component>
      <object_component id="oc-14">
         <name>.debug_info</name>
         <load_address>0x0</load_address>
         <run_address>0x0</run_address>
         <size>0xc22</size>
         <input_file_ref idref="fl-2"/>
      </object_component>
      <object_component id="oc-1b">
         <name>.debug_info</name>
         <load_address>0xc22</load_address>
         <run_address>0xc22</run_address>
         <size>0x120b</size>
         <input_file_ref idref="fl-3"/>
      </object_component>
      <object_component id="oc-23">
         <name>.debug_info</name>
         <load_address>0x1e2d</load_address>
         <run_address>0x1e2d</run_address>
         <size>0x6a2</size>
         <input_file_ref idref="fl-4"/>
      </object_component>
      <object_component id="oc-2a">
         <name>.debug_info</name>
         <load_address>0x24cf</load_address>
         <run_address>0x24cf</run_address>
         <size>0xccf</size>
         <input_file_ref idref="fl-5"/>
      </object_component>
      <object_component id="oc-2f">
         <name>.debug_info</name>
         <load_address>0x319e</load_address>
         <run_address>0x319e</run_address>
         <size>0xe8c</size>
         <input_file_ref idref="fl-6"/>
      </object_component>
      <object_component id="oc-36">
         <name>.debug_info</name>
         <load_address>0x402a</load_address>
         <run_address>0x402a</run_address>
         <size>0xaca</size>
         <input_file_ref idref="fl-7"/>
      </object_component>
      <object_component id="oc-3d">
         <name>.debug_info</name>
         <load_address>0x4af4</load_address>
         <run_address>0x4af4</run_address>
         <size>0x87c</size>
         <input_file_ref idref="fl-8"/>
      </object_component>
      <object_component id="oc-43">
         <name>.debug_info</name>
         <load_address>0x5370</load_address>
         <run_address>0x5370</run_address>
         <size>0x591</size>
         <input_file_ref idref="fl-9"/>
      </object_component>
      <object_component id="oc-49">
         <name>.debug_info</name>
         <load_address>0x5901</load_address>
         <run_address>0x5901</run_address>
         <size>0x156b</size>
         <input_file_ref idref="fl-a"/>
      </object_component>
      <object_component id="oc-51">
         <name>.debug_info</name>
         <load_address>0x6e6c</load_address>
         <run_address>0x6e6c</run_address>
         <size>0x6a4</size>
         <input_file_ref idref="fl-b"/>
      </object_component>
      <object_component id="oc-56">
         <name>.debug_info</name>
         <load_address>0x7510</load_address>
         <run_address>0x7510</run_address>
         <size>0x839</size>
         <input_file_ref idref="fl-c"/>
      </object_component>
      <object_component id="oc-5c">
         <name>.debug_info</name>
         <load_address>0x7d49</load_address>
         <run_address>0x7d49</run_address>
         <size>0xb4a</size>
         <input_file_ref idref="fl-d"/>
      </object_component>
      <object_component id="oc-63">
         <name>.debug_info</name>
         <load_address>0x8893</load_address>
         <run_address>0x8893</run_address>
         <size>0xe5</size>
         <input_file_ref idref="fl-13"/>
      </object_component>
      <object_component id="oc-68">
         <name>.debug_info</name>
         <load_address>0x8978</load_address>
         <run_address>0x8978</run_address>
         <size>0xe5</size>
         <input_file_ref idref="fl-14"/>
      </object_component>
      <object_component id="oc-6d">
         <name>.debug_info</name>
         <load_address>0x8a5d</load_address>
         <run_address>0x8a5d</run_address>
         <size>0x10b</size>
         <input_file_ref idref="fl-15"/>
      </object_component>
      <object_component id="oc-71">
         <name>.debug_info</name>
         <load_address>0x8b68</load_address>
         <run_address>0x8b68</run_address>
         <size>0x5ff3</size>
         <input_file_ref idref="fl-16"/>
      </object_component>
      <object_component id="oc-76">
         <name>.debug_info</name>
         <load_address>0xeb5b</load_address>
         <run_address>0xeb5b</run_address>
         <size>0x125</size>
         <input_file_ref idref="fl-17"/>
      </object_component>
      <object_component id="oc-7b">
         <name>.debug_info</name>
         <load_address>0xec80</load_address>
         <run_address>0xec80</run_address>
         <size>0x687f</size>
         <input_file_ref idref="fl-18"/>
      </object_component>
      <object_component id="oc-80">
         <name>.debug_info</name>
         <load_address>0x154ff</load_address>
         <run_address>0x154ff</run_address>
         <size>0x61d6</size>
         <input_file_ref idref="fl-19"/>
      </object_component>
      <object_component id="oc-85">
         <name>.debug_info</name>
         <load_address>0x1b6d5</load_address>
         <run_address>0x1b6d5</run_address>
         <size>0xe8</size>
         <input_file_ref idref="fl-2d"/>
      </object_component>
      <object_component id="oc-89">
         <name>.debug_info</name>
         <load_address>0x1b7bd</load_address>
         <run_address>0x1b7bd</run_address>
         <size>0x534</size>
         <input_file_ref idref="fl-2e"/>
      </object_component>
      <object_component id="oc-8e">
         <name>.debug_info</name>
         <load_address>0x1bcf1</load_address>
         <run_address>0x1bcf1</run_address>
         <size>0x5fb</size>
         <input_file_ref idref="fl-2f"/>
      </object_component>
      <object_component id="oc-94">
         <name>.debug_info</name>
         <load_address>0x1c2ec</load_address>
         <run_address>0x1c2ec</run_address>
         <size>0x942</size>
         <input_file_ref idref="fl-30"/>
      </object_component>
      <object_component id="oc-99">
         <name>.debug_info</name>
         <load_address>0x1cc2e</load_address>
         <run_address>0x1cc2e</run_address>
         <size>0xbd</size>
         <input_file_ref idref="fl-31"/>
      </object_component>
      <object_component id="oc-9e">
         <name>.debug_info</name>
         <load_address>0x1cceb</load_address>
         <run_address>0x1cceb</run_address>
         <size>0x144b</size>
         <input_file_ref idref="fl-32"/>
      </object_component>
      <object_component id="oc-a3">
         <name>.debug_info</name>
         <load_address>0x1e136</load_address>
         <run_address>0x1e136</run_address>
         <size>0xd1</size>
         <input_file_ref idref="fl-33"/>
      </object_component>
      <object_component id="oc-a7">
         <name>.debug_info</name>
         <load_address>0x1e207</load_address>
         <run_address>0x1e207</run_address>
         <size>0x76c</size>
         <input_file_ref idref="fl-34"/>
      </object_component>
      <object_component id="oc-ac">
         <name>.debug_info</name>
         <load_address>0x1e973</load_address>
         <run_address>0x1e973</run_address>
         <size>0xed4</size>
         <input_file_ref idref="fl-35"/>
      </object_component>
      <object_component id="oc-b0">
         <name>.debug_info</name>
         <load_address>0x1f847</load_address>
         <run_address>0x1f847</run_address>
         <size>0x744</size>
         <input_file_ref idref="fl-36"/>
      </object_component>
      <object_component id="oc-b6">
         <name>.debug_info</name>
         <load_address>0x1ff8b</load_address>
         <run_address>0x1ff8b</run_address>
         <size>0xbc</size>
         <input_file_ref idref="fl-37"/>
      </object_component>
      <object_component id="oc-ba">
         <name>.debug_info</name>
         <load_address>0x20047</load_address>
         <run_address>0x20047</run_address>
         <size>0x662</size>
         <input_file_ref idref="fl-38"/>
      </object_component>
      <object_component id="oc-bf">
         <name>.debug_info</name>
         <load_address>0x206a9</load_address>
         <run_address>0x206a9</run_address>
         <size>0x5bc</size>
         <input_file_ref idref="fl-39"/>
      </object_component>
      <object_component id="oc-c4">
         <name>.debug_info</name>
         <load_address>0x20c65</load_address>
         <run_address>0x20c65</run_address>
         <size>0x27bd</size>
         <input_file_ref idref="fl-3a"/>
      </object_component>
      <object_component id="oc-ca">
         <name>.debug_info</name>
         <load_address>0x23422</load_address>
         <run_address>0x23422</run_address>
         <size>0x586</size>
         <input_file_ref idref="fl-3b"/>
      </object_component>
      <object_component id="oc-ce">
         <name>.debug_info</name>
         <load_address>0x239a8</load_address>
         <run_address>0x239a8</run_address>
         <size>0x5a4</size>
         <input_file_ref idref="fl-3c"/>
      </object_component>
      <object_component id="oc-d2">
         <name>.debug_info</name>
         <load_address>0x23f4c</load_address>
         <run_address>0x23f4c</run_address>
         <size>0xcd</size>
         <input_file_ref idref="fl-3d"/>
      </object_component>
      <object_component id="oc-d6">
         <name>.debug_info</name>
         <load_address>0x24019</load_address>
         <run_address>0x24019</run_address>
         <size>0x81f</size>
         <input_file_ref idref="fl-3e"/>
      </object_component>
      <object_component id="oc-d9">
         <name>.debug_info</name>
         <load_address>0x24838</load_address>
         <run_address>0x24838</run_address>
         <size>0x498</size>
         <input_file_ref idref="fl-3f"/>
      </object_component>
      <object_component id="oc-dc">
         <name>.debug_info</name>
         <load_address>0x24cd0</load_address>
         <run_address>0x24cd0</run_address>
         <size>0x57e</size>
         <input_file_ref idref="fl-40"/>
      </object_component>
      <object_component id="oc-e0">
         <name>.debug_info</name>
         <load_address>0x2524e</load_address>
         <run_address>0x2524e</run_address>
         <size>0x7e8</size>
         <input_file_ref idref="fl-41"/>
      </object_component>
      <object_component id="oc-e4">
         <name>.debug_info</name>
         <load_address>0x25a36</load_address>
         <run_address>0x25a36</run_address>
         <size>0x706</size>
         <input_file_ref idref="fl-42"/>
      </object_component>
      <object_component id="oc-e8">
         <name>.debug_info</name>
         <load_address>0x2613c</load_address>
         <run_address>0x2613c</run_address>
         <size>0x4cf</size>
         <input_file_ref idref="fl-43"/>
      </object_component>
      <object_component id="oc-ec">
         <name>.debug_info</name>
         <load_address>0x2660b</load_address>
         <run_address>0x2660b</run_address>
         <size>0x534</size>
         <input_file_ref idref="fl-44"/>
      </object_component>
      <object_component id="oc-f0">
         <name>.debug_info</name>
         <load_address>0x26b3f</load_address>
         <run_address>0x26b3f</run_address>
         <size>0x549</size>
         <input_file_ref idref="fl-45"/>
      </object_component>
      <object_component id="oc-f5">
         <name>.debug_info</name>
         <load_address>0x27088</load_address>
         <run_address>0x27088</run_address>
         <size>0x6aa</size>
         <input_file_ref idref="fl-46"/>
      </object_component>
      <object_component id="oc-f9">
         <name>.debug_info</name>
         <load_address>0x27732</load_address>
         <run_address>0x27732</run_address>
         <size>0x53e</size>
         <input_file_ref idref="fl-47"/>
      </object_component>
      <object_component id="oc-fd">
         <name>.debug_info</name>
         <load_address>0x27c70</load_address>
         <run_address>0x27c70</run_address>
         <size>0x5f7</size>
         <input_file_ref idref="fl-48"/>
      </object_component>
      <object_component id="oc-101">
         <name>.debug_info</name>
         <load_address>0x28267</load_address>
         <run_address>0x28267</run_address>
         <size>0x680</size>
         <input_file_ref idref="fl-49"/>
      </object_component>
      <object_component id="oc-105">
         <name>.debug_info</name>
         <load_address>0x288e7</load_address>
         <run_address>0x288e7</run_address>
         <size>0x7d4</size>
         <input_file_ref idref="fl-4a"/>
      </object_component>
      <object_component id="oc-109">
         <name>.debug_info</name>
         <load_address>0x290bb</load_address>
         <run_address>0x290bb</run_address>
         <size>0x5ad</size>
         <input_file_ref idref="fl-4b"/>
      </object_component>
      <object_component id="oc-10d">
         <name>.debug_info</name>
         <load_address>0x29668</load_address>
         <run_address>0x29668</run_address>
         <size>0x574</size>
         <input_file_ref idref="fl-4c"/>
      </object_component>
      <object_component id="oc-111">
         <name>.debug_info</name>
         <load_address>0x29bdc</load_address>
         <run_address>0x29bdc</run_address>
         <size>0x55b</size>
         <input_file_ref idref="fl-4d"/>
      </object_component>
      <object_component id="oc-115">
         <name>.debug_info</name>
         <load_address>0x2a137</load_address>
         <run_address>0x2a137</run_address>
         <size>0x4b7</size>
         <input_file_ref idref="fl-4e"/>
      </object_component>
      <object_component id="oc-119">
         <name>.debug_info</name>
         <load_address>0x2a5ee</load_address>
         <run_address>0x2a5ee</run_address>
         <size>0x4f2</size>
         <input_file_ref idref="fl-4f"/>
      </object_component>
      <object_component id="oc-11d">
         <name>.debug_info</name>
         <load_address>0x2aae0</load_address>
         <run_address>0x2aae0</run_address>
         <size>0x534</size>
         <input_file_ref idref="fl-50"/>
      </object_component>
      <object_component id="oc-121">
         <name>.debug_info</name>
         <load_address>0x2b014</load_address>
         <run_address>0x2b014</run_address>
         <size>0x64a</size>
         <input_file_ref idref="fl-51"/>
      </object_component>
      <object_component id="oc-125">
         <name>.debug_info</name>
         <load_address>0x2b65e</load_address>
         <run_address>0x2b65e</run_address>
         <size>0x4de</size>
         <input_file_ref idref="fl-52"/>
      </object_component>
      <object_component id="oc-129">
         <name>.debug_info</name>
         <load_address>0x2bb3c</load_address>
         <run_address>0x2bb3c</run_address>
         <size>0xef</size>
         <input_file_ref idref="fl-53"/>
      </object_component>
      <object_component id="oc-12d">
         <name>.debug_info</name>
         <load_address>0x2bc2b</load_address>
         <run_address>0x2bc2b</run_address>
         <size>0x5ab</size>
         <input_file_ref idref="fl-54"/>
      </object_component>
      <object_component id="oc-131">
         <name>.debug_info</name>
         <load_address>0x2c1d6</load_address>
         <run_address>0x2c1d6</run_address>
         <size>0x4f2</size>
         <input_file_ref idref="fl-55"/>
      </object_component>
      <object_component id="oc-136">
         <name>.debug_info</name>
         <load_address>0x2c6c8</load_address>
         <run_address>0x2c6c8</run_address>
         <size>0xa1c</size>
         <input_file_ref idref="fl-56"/>
      </object_component>
      <object_component id="oc-13b">
         <name>.debug_info</name>
         <load_address>0x2d0e4</load_address>
         <run_address>0x2d0e4</run_address>
         <size>0x4d2</size>
         <input_file_ref idref="fl-57"/>
      </object_component>
      <object_component id="oc-140">
         <name>.debug_info</name>
         <load_address>0x2d5b6</load_address>
         <run_address>0x2d5b6</run_address>
         <size>0xba5</size>
         <input_file_ref idref="fl-58"/>
      </object_component>
      <object_component id="oc-146">
         <name>.debug_info</name>
         <load_address>0x2e15b</load_address>
         <run_address>0x2e15b</run_address>
         <size>0x64f</size>
         <input_file_ref idref="fl-59"/>
      </object_component>
      <object_component id="oc-14a">
         <name>.debug_info</name>
         <load_address>0x2e7aa</load_address>
         <run_address>0x2e7aa</run_address>
         <size>0x510</size>
         <input_file_ref idref="fl-5a"/>
      </object_component>
      <object_component id="oc-172">
         <name>.debug_info</name>
         <load_address>0x2ecba</load_address>
         <run_address>0x2ecba</run_address>
         <size>0x6e</size>
      </object_component>
      <object_component id="oc-16">
         <name>.debug_frame</name>
         <load_address>0x0</load_address>
         <run_address>0x0</run_address>
         <size>0x13f</size>
         <input_file_ref idref="fl-2"/>
      </object_component>
      <object_component id="oc-1e">
         <name>.debug_frame</name>
         <load_address>0x13f</load_address>
         <run_address>0x13f</run_address>
         <size>0x103</size>
         <input_file_ref idref="fl-3"/>
      </object_component>
      <object_component id="oc-25">
         <name>.debug_frame</name>
         <load_address>0x242</load_address>
         <run_address>0x242</run_address>
         <size>0xe6</size>
         <input_file_ref idref="fl-4"/>
      </object_component>
      <object_component id="oc-2b">
         <name>.debug_frame</name>
         <load_address>0x328</load_address>
         <run_address>0x328</run_address>
         <size>0x172</size>
         <input_file_ref idref="fl-5"/>
      </object_component>
      <object_component id="oc-31">
         <name>.debug_frame</name>
         <load_address>0x49a</load_address>
         <run_address>0x49a</run_address>
         <size>0x103</size>
         <input_file_ref idref="fl-6"/>
      </object_component>
      <object_component id="oc-38">
         <name>.debug_frame</name>
         <load_address>0x59d</load_address>
         <run_address>0x59d</run_address>
         <size>0xe5</size>
         <input_file_ref idref="fl-7"/>
      </object_component>
      <object_component id="oc-3f">
         <name>.debug_frame</name>
         <load_address>0x682</load_address>
         <run_address>0x682</run_address>
         <size>0x11f</size>
         <input_file_ref idref="fl-8"/>
      </object_component>
      <object_component id="oc-44">
         <name>.debug_frame</name>
         <load_address>0x7a1</load_address>
         <run_address>0x7a1</run_address>
         <size>0xe4</size>
         <input_file_ref idref="fl-9"/>
      </object_component>
      <object_component id="oc-4d">
         <name>.debug_frame</name>
         <load_address>0x885</load_address>
         <run_address>0x885</run_address>
         <size>0x2b4</size>
         <input_file_ref idref="fl-a"/>
      </object_component>
      <object_component id="oc-52">
         <name>.debug_frame</name>
         <load_address>0xb39</load_address>
         <run_address>0xb39</run_address>
         <size>0x116</size>
         <input_file_ref idref="fl-b"/>
      </object_component>
      <object_component id="oc-57">
         <name>.debug_frame</name>
         <load_address>0xc4f</load_address>
         <run_address>0xc4f</run_address>
         <size>0x135</size>
         <input_file_ref idref="fl-c"/>
      </object_component>
      <object_component id="oc-5e">
         <name>.debug_frame</name>
         <load_address>0xd84</load_address>
         <run_address>0xd84</run_address>
         <size>0x14a</size>
         <input_file_ref idref="fl-d"/>
      </object_component>
      <object_component id="oc-72">
         <name>.debug_frame</name>
         <load_address>0xece</load_address>
         <run_address>0xece</run_address>
         <size>0x175</size>
         <input_file_ref idref="fl-16"/>
      </object_component>
      <object_component id="oc-7c">
         <name>.debug_frame</name>
         <load_address>0x1043</load_address>
         <run_address>0x1043</run_address>
         <size>0x2a1</size>
         <input_file_ref idref="fl-18"/>
      </object_component>
      <object_component id="oc-81">
         <name>.debug_frame</name>
         <load_address>0x12e4</load_address>
         <run_address>0x12e4</run_address>
         <size>0x190</size>
         <input_file_ref idref="fl-19"/>
      </object_component>
      <object_component id="oc-17">
         <name>.debug_line</name>
         <load_address>0x0</load_address>
         <run_address>0x0</run_address>
         <size>0x1ec</size>
         <input_file_ref idref="fl-2"/>
      </object_component>
      <object_component id="oc-1f">
         <name>.debug_line</name>
         <load_address>0x1ec</load_address>
         <run_address>0x1ec</run_address>
         <size>0x154</size>
         <input_file_ref idref="fl-3"/>
      </object_component>
      <object_component id="oc-26">
         <name>.debug_line</name>
         <load_address>0x340</load_address>
         <run_address>0x340</run_address>
         <size>0x116</size>
         <input_file_ref idref="fl-4"/>
      </object_component>
      <object_component id="oc-2c">
         <name>.debug_line</name>
         <load_address>0x456</load_address>
         <run_address>0x456</run_address>
         <size>0x102</size>
         <input_file_ref idref="fl-5"/>
      </object_component>
      <object_component id="oc-32">
         <name>.debug_line</name>
         <load_address>0x558</load_address>
         <run_address>0x558</run_address>
         <size>0x212</size>
         <input_file_ref idref="fl-6"/>
      </object_component>
      <object_component id="oc-39">
         <name>.debug_line</name>
         <load_address>0x76a</load_address>
         <run_address>0x76a</run_address>
         <size>0x8d</size>
         <input_file_ref idref="fl-7"/>
      </object_component>
      <object_component id="oc-40">
         <name>.debug_line</name>
         <load_address>0x7f7</load_address>
         <run_address>0x7f7</run_address>
         <size>0xe1</size>
         <input_file_ref idref="fl-8"/>
      </object_component>
      <object_component id="oc-45">
         <name>.debug_line</name>
         <load_address>0x8d8</load_address>
         <run_address>0x8d8</run_address>
         <size>0x48</size>
         <input_file_ref idref="fl-9"/>
      </object_component>
      <object_component id="oc-4e">
         <name>.debug_line</name>
         <load_address>0x920</load_address>
         <run_address>0x920</run_address>
         <size>0xd1</size>
         <input_file_ref idref="fl-a"/>
      </object_component>
      <object_component id="oc-53">
         <name>.debug_line</name>
         <load_address>0x9f1</load_address>
         <run_address>0x9f1</run_address>
         <size>0x87</size>
         <input_file_ref idref="fl-b"/>
      </object_component>
      <object_component id="oc-58">
         <name>.debug_line</name>
         <load_address>0xa78</load_address>
         <run_address>0xa78</run_address>
         <size>0xe1</size>
         <input_file_ref idref="fl-c"/>
      </object_component>
      <object_component id="oc-5f">
         <name>.debug_line</name>
         <load_address>0xb59</load_address>
         <run_address>0xb59</run_address>
         <size>0x11c</size>
         <input_file_ref idref="fl-d"/>
      </object_component>
      <object_component id="oc-64">
         <name>.debug_line</name>
         <load_address>0xc75</load_address>
         <run_address>0xc75</run_address>
         <size>0x4a</size>
         <input_file_ref idref="fl-13"/>
      </object_component>
      <object_component id="oc-69">
         <name>.debug_line</name>
         <load_address>0xcbf</load_address>
         <run_address>0xcbf</run_address>
         <size>0x5e</size>
         <input_file_ref idref="fl-14"/>
      </object_component>
      <object_component id="oc-6e">
         <name>.debug_line</name>
         <load_address>0xd1d</load_address>
         <run_address>0xd1d</run_address>
         <size>0x78</size>
         <input_file_ref idref="fl-15"/>
      </object_component>
      <object_component id="oc-73">
         <name>.debug_line</name>
         <load_address>0xd95</load_address>
         <run_address>0xd95</run_address>
         <size>0x2dd</size>
         <input_file_ref idref="fl-16"/>
      </object_component>
      <object_component id="oc-77">
         <name>.debug_line</name>
         <load_address>0x1072</load_address>
         <run_address>0x1072</run_address>
         <size>0x7b</size>
         <input_file_ref idref="fl-17"/>
      </object_component>
      <object_component id="oc-7d">
         <name>.debug_line</name>
         <load_address>0x10ed</load_address>
         <run_address>0x10ed</run_address>
         <size>0x44a</size>
         <input_file_ref idref="fl-18"/>
      </object_component>
      <object_component id="oc-82">
         <name>.debug_line</name>
         <load_address>0x1537</load_address>
         <run_address>0x1537</run_address>
         <size>0x31a</size>
         <input_file_ref idref="fl-19"/>
      </object_component>
      <object_component id="oc-86">
         <name>.debug_line</name>
         <load_address>0x1851</load_address>
         <run_address>0x1851</run_address>
         <size>0x54</size>
         <input_file_ref idref="fl-2d"/>
      </object_component>
      <object_component id="oc-8a">
         <name>.debug_line</name>
         <load_address>0x18a5</load_address>
         <run_address>0x18a5</run_address>
         <size>0x44</size>
         <input_file_ref idref="fl-2e"/>
      </object_component>
      <object_component id="oc-91">
         <name>.debug_line</name>
         <load_address>0x18e9</load_address>
         <run_address>0x18e9</run_address>
         <size>0x51</size>
         <input_file_ref idref="fl-2f"/>
      </object_component>
      <object_component id="oc-96">
         <name>.debug_line</name>
         <load_address>0x193a</load_address>
         <run_address>0x193a</run_address>
         <size>0xa6</size>
         <input_file_ref idref="fl-30"/>
      </object_component>
      <object_component id="oc-9a">
         <name>.debug_line</name>
         <load_address>0x19e0</load_address>
         <run_address>0x19e0</run_address>
         <size>0x3c</size>
         <input_file_ref idref="fl-31"/>
      </object_component>
      <object_component id="oc-a0">
         <name>.debug_line</name>
         <load_address>0x1a1c</load_address>
         <run_address>0x1a1c</run_address>
         <size>0x1b0</size>
         <input_file_ref idref="fl-32"/>
      </object_component>
      <object_component id="oc-a4">
         <name>.debug_line</name>
         <load_address>0x1bcc</load_address>
         <run_address>0x1bcc</run_address>
         <size>0x54</size>
         <input_file_ref idref="fl-33"/>
      </object_component>
      <object_component id="oc-a8">
         <name>.debug_line</name>
         <load_address>0x1c20</load_address>
         <run_address>0x1c20</run_address>
         <size>0x69</size>
         <input_file_ref idref="fl-34"/>
      </object_component>
      <object_component id="oc-ad">
         <name>.debug_line</name>
         <load_address>0x1c89</load_address>
         <run_address>0x1c89</run_address>
         <size>0x15e</size>
         <input_file_ref idref="fl-35"/>
      </object_component>
      <object_component id="oc-b3">
         <name>.debug_line</name>
         <load_address>0x1de7</load_address>
         <run_address>0x1de7</run_address>
         <size>0x6a</size>
         <input_file_ref idref="fl-36"/>
      </object_component>
      <object_component id="oc-b7">
         <name>.debug_line</name>
         <load_address>0x1e51</load_address>
         <run_address>0x1e51</run_address>
         <size>0x37</size>
         <input_file_ref idref="fl-37"/>
      </object_component>
      <object_component id="oc-bb">
         <name>.debug_line</name>
         <load_address>0x1e88</load_address>
         <run_address>0x1e88</run_address>
         <size>0x57</size>
         <input_file_ref idref="fl-38"/>
      </object_component>
      <object_component id="oc-c1">
         <name>.debug_line</name>
         <load_address>0x1edf</load_address>
         <run_address>0x1edf</run_address>
         <size>0x57</size>
         <input_file_ref idref="fl-39"/>
      </object_component>
      <object_component id="oc-c7">
         <name>.debug_line</name>
         <load_address>0x1f36</load_address>
         <run_address>0x1f36</run_address>
         <size>0x328</size>
         <input_file_ref idref="fl-3a"/>
      </object_component>
      <object_component id="oc-cb">
         <name>.debug_line</name>
         <load_address>0x225e</load_address>
         <run_address>0x225e</run_address>
         <size>0x41</size>
         <input_file_ref idref="fl-3b"/>
      </object_component>
      <object_component id="oc-cf">
         <name>.debug_line</name>
         <load_address>0x229f</load_address>
         <run_address>0x229f</run_address>
         <size>0x46</size>
         <input_file_ref idref="fl-3c"/>
      </object_component>
      <object_component id="oc-d3">
         <name>.debug_line</name>
         <load_address>0x22e5</load_address>
         <run_address>0x22e5</run_address>
         <size>0x55</size>
         <input_file_ref idref="fl-3d"/>
      </object_component>
      <object_component id="oc-d7">
         <name>.debug_line</name>
         <load_address>0x233a</load_address>
         <run_address>0x233a</run_address>
         <size>0xad</size>
         <input_file_ref idref="fl-3e"/>
      </object_component>
      <object_component id="oc-e1">
         <name>.debug_line</name>
         <load_address>0x23e7</load_address>
         <run_address>0x23e7</run_address>
         <size>0x5b</size>
         <input_file_ref idref="fl-41"/>
      </object_component>
      <object_component id="oc-e5">
         <name>.debug_line</name>
         <load_address>0x2442</load_address>
         <run_address>0x2442</run_address>
         <size>0x5b</size>
         <input_file_ref idref="fl-42"/>
      </object_component>
      <object_component id="oc-e9">
         <name>.debug_line</name>
         <load_address>0x249d</load_address>
         <run_address>0x249d</run_address>
         <size>0x3d</size>
         <input_file_ref idref="fl-43"/>
      </object_component>
      <object_component id="oc-ed">
         <name>.debug_line</name>
         <load_address>0x24da</load_address>
         <run_address>0x24da</run_address>
         <size>0x3d</size>
         <input_file_ref idref="fl-44"/>
      </object_component>
      <object_component id="oc-f2">
         <name>.debug_line</name>
         <load_address>0x2517</load_address>
         <run_address>0x2517</run_address>
         <size>0x44</size>
         <input_file_ref idref="fl-45"/>
      </object_component>
      <object_component id="oc-f6">
         <name>.debug_line</name>
         <load_address>0x255b</load_address>
         <run_address>0x255b</run_address>
         <size>0x56</size>
         <input_file_ref idref="fl-46"/>
      </object_component>
      <object_component id="oc-fa">
         <name>.debug_line</name>
         <load_address>0x25b1</load_address>
         <run_address>0x25b1</run_address>
         <size>0x40</size>
         <input_file_ref idref="fl-47"/>
      </object_component>
      <object_component id="oc-fe">
         <name>.debug_line</name>
         <load_address>0x25f1</load_address>
         <run_address>0x25f1</run_address>
         <size>0x3c</size>
         <input_file_ref idref="fl-48"/>
      </object_component>
      <object_component id="oc-102">
         <name>.debug_line</name>
         <load_address>0x262d</load_address>
         <run_address>0x262d</run_address>
         <size>0x38</size>
         <input_file_ref idref="fl-49"/>
      </object_component>
      <object_component id="oc-106">
         <name>.debug_line</name>
         <load_address>0x2665</load_address>
         <run_address>0x2665</run_address>
         <size>0xa8</size>
         <input_file_ref idref="fl-4a"/>
      </object_component>
      <object_component id="oc-10a">
         <name>.debug_line</name>
         <load_address>0x270d</load_address>
         <run_address>0x270d</run_address>
         <size>0x40</size>
         <input_file_ref idref="fl-4b"/>
      </object_component>
      <object_component id="oc-10e">
         <name>.debug_line</name>
         <load_address>0x274d</load_address>
         <run_address>0x274d</run_address>
         <size>0x3a</size>
         <input_file_ref idref="fl-4c"/>
      </object_component>
      <object_component id="oc-112">
         <name>.debug_line</name>
         <load_address>0x2787</load_address>
         <run_address>0x2787</run_address>
         <size>0x3c</size>
         <input_file_ref idref="fl-4d"/>
      </object_component>
      <object_component id="oc-116">
         <name>.debug_line</name>
         <load_address>0x27c3</load_address>
         <run_address>0x27c3</run_address>
         <size>0x37</size>
         <input_file_ref idref="fl-4e"/>
      </object_component>
      <object_component id="oc-11a">
         <name>.debug_line</name>
         <load_address>0x27fa</load_address>
         <run_address>0x27fa</run_address>
         <size>0x3c</size>
         <input_file_ref idref="fl-4f"/>
      </object_component>
      <object_component id="oc-11e">
         <name>.debug_line</name>
         <load_address>0x2836</load_address>
         <run_address>0x2836</run_address>
         <size>0x44</size>
         <input_file_ref idref="fl-50"/>
      </object_component>
      <object_component id="oc-122">
         <name>.debug_line</name>
         <load_address>0x287a</load_address>
         <run_address>0x287a</run_address>
         <size>0x40</size>
         <input_file_ref idref="fl-51"/>
      </object_component>
      <object_component id="oc-126">
         <name>.debug_line</name>
         <load_address>0x28ba</load_address>
         <run_address>0x28ba</run_address>
         <size>0x37</size>
         <input_file_ref idref="fl-52"/>
      </object_component>
      <object_component id="oc-12a">
         <name>.debug_line</name>
         <load_address>0x28f1</load_address>
         <run_address>0x28f1</run_address>
         <size>0x58</size>
         <input_file_ref idref="fl-53"/>
      </object_component>
      <object_component id="oc-12e">
         <name>.debug_line</name>
         <load_address>0x2949</load_address>
         <run_address>0x2949</run_address>
         <size>0x5c</size>
         <input_file_ref idref="fl-54"/>
      </object_component>
      <object_component id="oc-132">
         <name>.debug_line</name>
         <load_address>0x29a5</load_address>
         <run_address>0x29a5</run_address>
         <size>0x3c</size>
         <input_file_ref idref="fl-55"/>
      </object_component>
      <object_component id="oc-138">
         <name>.debug_line</name>
         <load_address>0x29e1</load_address>
         <run_address>0x29e1</run_address>
         <size>0xd7</size>
         <input_file_ref idref="fl-56"/>
      </object_component>
      <object_component id="oc-13c">
         <name>.debug_line</name>
         <load_address>0x2ab8</load_address>
         <run_address>0x2ab8</run_address>
         <size>0x3a</size>
         <input_file_ref idref="fl-57"/>
      </object_component>
      <object_component id="oc-143">
         <name>.debug_line</name>
         <load_address>0x2af2</load_address>
         <run_address>0x2af2</run_address>
         <size>0x112</size>
         <input_file_ref idref="fl-58"/>
      </object_component>
      <object_component id="oc-147">
         <name>.debug_line</name>
         <load_address>0x2c04</load_address>
         <run_address>0x2c04</run_address>
         <size>0x3d</size>
         <input_file_ref idref="fl-59"/>
      </object_component>
      <object_component id="oc-14b">
         <name>.debug_line</name>
         <load_address>0x2c41</load_address>
         <run_address>0x2c41</run_address>
         <size>0x39</size>
         <input_file_ref idref="fl-5a"/>
      </object_component>
      <object_component id="oc-18">
         <name>.debug_abbrev</name>
         <load_address>0x0</load_address>
         <run_address>0x0</run_address>
         <size>0x12f</size>
         <input_file_ref idref="fl-2"/>
      </object_component>
      <object_component id="oc-20">
         <name>.debug_abbrev</name>
         <load_address>0x12f</load_address>
         <run_address>0x12f</run_address>
         <size>0x14c</size>
         <input_file_ref idref="fl-3"/>
      </object_component>
      <object_component id="oc-27">
         <name>.debug_abbrev</name>
[...]
      </symbol>
      <symbol id="sm-2cb">
         <name>_IRQ_getArg</name>
         <value>0x21fff</value>
         <object_component_ref idref="oc-79"/>
      </symbol>
      <symbol id="sm-2cc">
         <name>_IRQ_restore</name>
         <value>0x21f8f</value>
         <object_component_ref idref="oc-79"/>
      </symbol>
      <symbol id="sm-2cd">
         <name>_IRQ_map</name>
         <value>0x22078</value>
         <object_component_ref idref="oc-79"/>
      </symbol>
      <symbol id="sm-2ce">
         <name>_IRQ_config</name>
         <value>0x21d53</value>
         <object_component_ref idref="oc-79"/>
      </symbol>
      <symbol id="sm-2cf">
         <name>_IRQ_disable</name>
         <value>0x21e79</value>
         <object_component_ref idref="oc-79"/>
      </symbol>
      <symbol id="sm-2d0">
         <name>_IRQ_test</name>
         <value>0x220db</value>
         <object_component_ref idref="oc-79"/>
      </symbol>
      <symbol id="sm-2d1">
         <name>_IRQ_enable</name>
         <value>0x21f05</value>
         <object_component_ref idref="oc-79"/>
      </symbol>
      <symbol id="sm-2d2">
         <name>_IRQ_globalRestore</name>
         <value>0x2217f</value>
         <object_component_ref idref="oc-79"/>
      </symbol>
      <symbol id="sm-2d3">
         <name>_IRQ_setVecs</name>
         <value>0x220aa</value>
         <object_component_ref idref="oc-79"/>
      </symbol>
      <symbol id="sm-2d4">
         <name>_IRQ_globalDisable</name>
         <value>0x2214d</value>
         <object_component_ref idref="oc-79"/>
      </symbol>
      <symbol id="sm-2d5">
         <name>_IRQ_disableAll</name>
         <value>0x21ef7</value>
         <object_component_ref idref="oc-79"/>
      </symbol>
      <symbol id="sm-2d6">
         <name>_IRQ_init</name>
         <value>0x21c3f</value>
         <object_component_ref idref="oc-79"/>
      </symbol>
      <symbol id="sm-2d7">
         <name>_IRQ_setArg</name>
         <value>0x22045</value>
         <object_component_ref idref="oc-79"/>
      </symbol>
      <symbol id="sm-2d8">
         <name>_IRQ_clear</name>
         <value>0x21cd9</value>
         <object_component_ref idref="oc-79"/>
      </symbol>
      <symbol id="sm-304">
         <name>_GPT_open</name>
         <value>0x23d3f</value>
         <object_component_ref idref="oc-7f"/>
      </symbol>
      <symbol id="sm-305">
         <name>_GPT_config</name>
         <value>0x23f95</value>
         <object_component_ref idref="oc-7f"/>
      </symbol>
      <symbol id="sm-306">
         <name>_GPT_start</name>
         <value>0x23f03</value>
         <object_component_ref idref="oc-7f"/>
      </symbol>
      <symbol id="sm-307">
         <name>_GPT_getCnt</name>
         <value>0x23f5a</value>
         <object_component_ref idref="oc-7f"/>
      </symbol>
      <symbol id="sm-308">
         <name>_GPT_reset</name>
         <value>0x23e02</value>
         <object_component_ref idref="oc-7f"/>
      </symbol>
      <symbol id="sm-309">
         <name>_GPT_close</name>
         <value>0x23e8e</value>
         <object_component_ref idref="oc-7f"/>
      </symbol>
      <symbol id="sm-30a">
         <name>_GPT_stop</name>
         <value>0x23f30</value>
         <object_component_ref idref="oc-7f"/>
      </symbol>
      <symbol id="sm-316">
         <name>__sysstack</name>
         <value>0x20c0</value>
         <object_component_ref idref="oc-14d"/>
      </symbol>
      <symbol id="sm-317">
         <name>_c_int00</name>
         <value>0x266ed</value>
         <object_component_ref idref="oc-10"/>
      </symbol>
      <symbol id="sm-318">
         <name>__stack</name>
         <value>0xc0</value>
         <object_component_ref idref="oc-84"/>
      </symbol>
      <symbol id="sm-323">
         <name>__divul</name>
         <value>0x25dfc</value>
         <object_component_ref idref="oc-88"/>
      </symbol>
      <symbol id="sm-333">
         <name>C$$EXIT</name>
         <value>0x26821</value>
         <object_component_ref idref="oc-90"/>
      </symbol>
      <symbol id="sm-334">
         <name>_exit</name>
         <value>0x26676</value>
         <object_component_ref idref="oc-8c"/>
      </symbol>
      <symbol id="sm-335">
         <name>_abort</name>
         <value>0x26820</value>
         <object_component_ref idref="oc-90"/>
      </symbol>
      <symbol id="sm-336">
         <name>__cleanup_ptr</name>
         <value>0x636c</value>
         <object_component_ref idref="oc-8d"/>
      </symbol>
      <symbol id="sm-337">
         <name>__dtors_ptr</name>
         <value>0x6370</value>
         <object_component_ref idref="oc-8d"/>
      </symbol>
      <symbol id="sm-343">
         <name>_puts</name>
         <value>0x2528d</value>
         <object_component_ref idref="oc-93"/>
      </symbol>
      <symbol id="sm-344">
         <name>_fputs</name>
         <value>0x2513e</value>
         <object_component_ref idref="oc-93"/>
      </symbol>
      <symbol id="sm-34c">
         <name>__mpyli</name>
         <value>0x267e1</value>
         <object_component_ref idref="oc-98"/>
      </symbol>
      <symbol id="sm-34d">
         <name>I$$LMPY</name>
         <value>0x267e1</value>
         <object_component_ref idref="oc-98"/>
      </symbol>
      <symbol id="sm-35e">
         <name>_add_device</name>
         <value>0x23550</value>
         <object_component_ref idref="oc-9c"/>
      </symbol>
      <symbol id="sm-35f">
         <name>_rename</name>
         <value>0x23281</value>
         <object_component_ref idref="oc-9c"/>
      </symbol>
      <symbol id="sm-360">
         <name>_read</name>
         <value>0x2330c</value>
         <object_component_ref idref="oc-9c"/>
      </symbol>
      <symbol id="sm-361">
         <name>_unlink</name>
         <value>0x2324d</value>
         <object_component_ref idref="oc-9c"/>
      </symbol>
      <symbol id="sm-362">
         <name>_remove_device</name>
         <value>0x232d8</value>
         <object_component_ref idref="oc-9c"/>
      </symbol>
      <symbol id="sm-363">
         <name>_open</name>
         <value>0x233b6</value>
         <object_component_ref idref="oc-9c"/>
      </symbol>
      <symbol id="sm-364">
         <name>_find_registered_device</name>
         <value>0x234d7</value>
         <object_component_ref idref="oc-9c"/>
      </symbol>
      <symbol id="sm-365">
         <name>_lseek</name>
         <value>0x23473</value>
         <object_component_ref idref="oc-9c"/>
      </symbol>
      <symbol id="sm-366">
         <name>_close</name>
         <value>0x234e0</value>
         <object_component_ref idref="oc-9c"/>
      </symbol>
      <symbol id="sm-367">
         <name>_write</name>
         <value>0x23120</value>
         <object_component_ref idref="oc-9c"/>
      </symbol>
      <symbol id="sm-371">
         <name>_memcpy</name>
         <value>0x26455</value>
         <object_component_ref idref="oc-a2"/>
      </symbol>
      <symbol id="sm-37b">
         <name>_printf</name>
         <value>0x264ff</value>
         <object_component_ref idref="oc-a6"/>
      </symbol>
      <symbol id="sm-387">
         <name>_HOSTopen</name>
         <value>0x224ac</value>
         <object_component_ref idref="oc-aa"/>
      </symbol>
      <symbol id="sm-388">
         <name>_HOSTread</name>
         <value>0x22421</value>
         <object_component_ref idref="oc-aa"/>
      </symbol>
      <symbol id="sm-389">
         <name>_HOSTtime</name>
         <value>0x2230a</value>
         <object_component_ref idref="oc-aa"/>
      </symbol>
      <symbol id="sm-38a">
         <name>_getenv</name>
         <value>0x22193</value>
         <object_component_ref idref="oc-aa"/>
      </symbol>
      <symbol id="sm-38b">
         <name>_HOSTrename</name>
         <value>0x22368</value>
         <object_component_ref idref="oc-aa"/>
      </symbol>
      <symbol id="sm-38c">
         <name>_HOSTclock</name>
         <value>0x2266d</value>
         <object_component_ref idref="oc-aa"/>
      </symbol>
      <symbol id="sm-38d">
         <name>_HOSTwrite</name>
         <value>0x22213</value>
         <object_component_ref idref="oc-aa"/>
      </symbol>
      <symbol id="sm-38e">
         <name>_HOSTlseek</name>
         <value>0x2254d</value>
         <object_component_ref idref="oc-aa"/>
      </symbol>
      <symbol id="sm-38f">
         <name>_HOSTunlink</name>
         <value>0x2229e</value>
         <object_component_ref idref="oc-aa"/>
      </symbol>
      <symbol id="sm-390">
         <name>_HOSTclose</name>
         <value>0x22602</value>
         <object_component_ref idref="oc-aa"/>
      </symbol>
      <symbol id="sm-3a2">
         <name>C$$IO$$</name>
         <value>0x25c9b</value>
         <object_component_ref idref="oc-b2"/>
      </symbol>
      <symbol id="sm-3a3">
         <name>__CIOBUF_</name>
         <value>0x40000</value>
         <object_component_ref idref="oc-b1"/>
      </symbol>
      <symbol id="sm-3a4">
         <name>_readmsg</name>
         <value>0x262c2</value>
         <object_component_ref idref="oc-af"/>
      </symbol>
      <symbol id="sm-3a5">
         <name>_writemsg</name>
         <value>0x25be2</value>
         <object_component_ref idref="oc-b2"/>
      </symbol>
      <symbol id="sm-3af">
         <name>_Reset</name>
         <value>0x4ff00</value>
         <object_component_ref idref="oc-11"/>
      </symbol>
      <symbol id="sm-3b9">
         <name>__rd_ok</name>
         <value>0x25b85</value>
         <object_component_ref idref="oc-b9"/>
      </symbol>
      <symbol id="sm-3ba">
         <name>__wrt_ok</name>
         <value>0x25b08</value>
         <object_component_ref idref="oc-b9"/>
      </symbol>
      <symbol id="sm-3c8">
         <name>__unlock</name>
         <value>0x6368</value>
         <object_component_ref idref="oc-be"/>
      </symbol>
      <symbol id="sm-3c9">
         <name>__lock</name>
         <value>0x6364</value>
         <object_component_ref idref="oc-be"/>
      </symbol>
      <symbol id="sm-3ca">
         <name>__register_lock</name>
         <value>0x267fc</value>
         <object_component_ref idref="oc-bd"/>
      </symbol>
      <symbol id="sm-3cb">
         <name>__nop</name>
         <value>0x26804</value>
         <object_component_ref idref="oc-bd"/>
      </symbol>
      <symbol id="sm-3cc">
         <name>__register_unlock</name>
         <value>0x267f4</value>
         <object_component_ref idref="oc-bd"/>
      </symbol>
      <symbol id="sm-3de">
         <name>__printfi</name>
         <value>0x21315</value>
         <object_component_ref idref="oc-c3"/>
      </symbol>
      <symbol id="sm-3e8">
         <name>__args_main</name>
         <value>0x265e5</value>
         <object_component_ref idref="oc-c9"/>
      </symbol>
      <symbol id="sm-3e9">
         <name>__TI_args_main</name>
         <value>0x1</value>
      </symbol>
      <symbol id="sm-3f3">
         <name>_atoi</name>
         <value>0x263fc</value>
         <object_component_ref idref="oc-cd"/>
      </symbol>
      <symbol id="sm-3fb">
         <name>_auto_init</name>
         <value>0x2654d</value>
         <object_component_ref idref="oc-d1"/>
      </symbol>
      <symbol id="sm-405">
         <name>__eqld</name>
         <value>0x24d8a</value>
         <object_component_ref idref="oc-d5"/>
      </symbol>
      <symbol id="sm-406">
         <name>__cmpd</name>
         <value>0x24dbe</value>
         <object_component_ref idref="oc-d5"/>
      </symbol>
      <symbol id="sm-407">
         <name>__neqd</name>
         <value>0x24c2c</value>
         <object_component_ref idref="oc-d5"/>
      </symbol>
      <symbol id="sm-408">
         <name>__gtrd</name>
         <value>0x24cf5</value>
         <object_component_ref idref="oc-d5"/>
      </symbol>
      <symbol id="sm-409">
         <name>__geqd</name>
         <value>0x24d40</value>
         <object_component_ref idref="oc-d5"/>
      </symbol>
      <symbol id="sm-40a">
         <name>__leqd</name>
         <value>0x24ca8</value>
         <object_component_ref idref="oc-d5"/>
      </symbol>
      <symbol id="sm-40b">
         <name>__lssd</name>
         <value>0x24c60</value>
         <object_component_ref idref="oc-d5"/>
      </symbol>
      <symbol id="sm-413">
         <name>__ctypes_</name>
         <value>0x5814</value>
         <object_component_ref idref="oc-14f"/>
      </symbol>
      <symbol id="sm-41d">
         <name>__tmpnams</name>
         <value>0x5db0</value>
         <object_component_ref idref="oc-db"/>
      </symbol>
      <symbol id="sm-41e">
         <name>__ft_end</name>
         <value>0x5ef0</value>
         <object_component_ref idref="oc-db"/>
      </symbol>
      <symbol id="sm-41f">
         <name>__ftable</name>
         <value>0x5cc0</value>
         <object_component_ref idref="oc-db"/>
      </symbol>
      <symbol id="sm-42b">
         <name>__divd</name>
         <value>0x23638</value>
         <object_component_ref idref="oc-df"/>
      </symbol>
      <symbol id="sm-435">
         <name>__doflush</name>
         <value>0x25ca0</value>
         <object_component_ref idref="oc-e3"/>
      </symbol>
      <symbol id="sm-436">
         <name>_fflush</name>
         <value>0x25d02</value>
         <object_component_ref idref="oc-e3"/>
      </symbol>
      <symbol id="sm-440">
         <name>__fixdi</name>
         <value>0x26721</value>
         <object_component_ref idref="oc-e7"/>
      </symbol>
      <symbol id="sm-44a">
         <name>__fixdli</name>
         <value>0x261e7</value>
         <object_component_ref idref="oc-eb"/>
      </symbol>
      <symbol id="sm-456">
         <name>__fltlid</name>
         <value>0x26395</value>
         <object_component_ref idref="oc-ef"/>
      </symbol>
      <symbol id="sm-460">
         <name>_putchar</name>
         <value>0x25ded</value>
         <object_component_ref idref="oc-f4"/>
      </symbol>
      <symbol id="sm-461">
         <name>_putc</name>
         <value>0x25d5a</value>
         <object_component_ref idref="oc-f4"/>
      </symbol>
      <symbol id="sm-462">
         <name>_fputc</name>
         <value>0x25d5a</value>
         <object_component_ref idref="oc-f4"/>
      </symbol>
      <symbol id="sm-46c">
         <name>__frcmpyd_div</name>
         <value>0x26104</value>
         <object_component_ref idref="oc-f8"/>
      </symbol>
      <symbol id="sm-476">
         <name>_fseek</name>
         <value>0x2632d</value>
         <object_component_ref idref="oc-fc"/>
      </symbol>
      <symbol id="sm-480">
         <name>___isinf</name>
         <value>0x267b3</value>
         <object_component_ref idref="oc-100"/>
      </symbol>
      <symbol id="sm-48a">
         <name>__divull</name>
         <value>0x24689</value>
         <object_component_ref idref="oc-104"/>
      </symbol>
      <symbol id="sm-48b">
         <name>__mpylli</name>
         <value>0x245d2</value>
         <object_component_ref idref="oc-104"/>
      </symbol>
      <symbol id="sm-48c">
         <name>__remlli</name>
         <value>0x245a3</value>
         <object_component_ref idref="oc-104"/>
      </symbol>
      <symbol id="sm-48d">
         <name>__divlli</name>
         <value>0x2477d</value>
         <object_component_ref idref="oc-104"/>
      </symbol>
      <symbol id="sm-48e">
         <name>__remull</name>
         <value>0x24555</value>
         <object_component_ref idref="oc-104"/>
      </symbol>
      <symbol id="sm-498">
         <name>_ltoa</name>
         <value>0x25f28</value>
         <object_component_ref idref="oc-108"/>
      </symbol>
      <symbol id="sm-4a3">
         <name>_memccpy</name>
         <value>0x26775</value>
         <object_component_ref idref="oc-10c"/>
      </symbol>
      <symbol id="sm-4ad">
         <name>__mpyd</name>
         <value>0x2541d</value>
         <object_component_ref idref="oc-110"/>
      </symbol>
      <symbol id="sm-4b7">
         <name>__negd</name>
         <value>0x26806</value>
         <object_component_ref idref="oc-114"/>
      </symbol>
      <symbol id="sm-4c1">
         <name>__remli</name>
         <value>0x2659a</value>
         <object_component_ref idref="oc-118"/>
      </symbol>
      <symbol id="sm-4cc">
         <name>__remul</name>
         <value>0x26177</value>
         <object_component_ref idref="oc-11c"/>
      </symbol>
      <symbol id="sm-4d6">
         <name>_setvbuf</name>
         <value>0x25a15</value>
         <object_component_ref idref="oc-120"/>
      </symbol>
      <symbol id="sm-4e0">
         <name>__subd</name>
         <value>0x267cd</value>
         <object_component_ref idref="oc-124"/>
      </symbol>
      <symbol id="sm-4e8">
         <name>__remu</name>
         <value>0x26760</value>
         <object_component_ref idref="oc-128"/>
      </symbol>
      <symbol id="sm-4e9">
         <name>__divu</name>
         <value>0x2674b</value>
         <object_component_ref idref="oc-128"/>
      </symbol>
      <symbol id="sm-4ea">
         <name>I$$UMOD</name>
         <value>0x26760</value>
         <object_component_ref idref="oc-128"/>
      </symbol>
      <symbol id="sm-4eb">
         <name>I$$UDIV</name>
         <value>0x2674b</value>
         <object_component_ref idref="oc-128"/>
      </symbol>
      <symbol id="sm-4f5">
         <name>__addd</name>
         <value>0x247b1</value>
         <object_component_ref idref="oc-12c"/>
      </symbol>
      <symbol id="sm-4ff">
         <name>__divli</name>
         <value>0x2662e</value>
         <object_component_ref idref="oc-130"/>
      </symbol>
      <symbol id="sm-50e">
         <name>__cleanup</name>
         <value>0x243fe</value>
         <object_component_ref idref="oc-134"/>
      </symbol>
      <symbol id="sm-50f">
         <name>_fopen</name>
         <value>0x2451c</value>
         <object_component_ref idref="oc-134"/>
      </symbol>
      <symbol id="sm-510">
         <name>_freopen</name>
         <value>0x24456</value>
         <object_component_ref idref="oc-134"/>
      </symbol>
      <symbol id="sm-51a">
         <name>__frcmpyd</name>
         <value>0x2608e</value>
         <object_component_ref idref="oc-13a"/>
      </symbol>
      <symbol id="sm-52a">
         <name>__sys_memory</name>
         <value>0x30c0</value>
         <object_component_ref idref="oc-142"/>
      </symbol>
      <symbol id="sm-52b">
         <name>_chkheap</name>
         <value>0x22baa</value>
         <object_component_ref idref="oc-13e"/>
      </symbol>
      <symbol id="sm-52c">
         <name>_realloc</name>
         <value>0x22910</value>
         <object_component_ref idref="oc-13e"/>
      </symbol>
      <symbol id="sm-52d">
         <name>_free_memory</name>
         <value>0x22b43</value>
         <object_component_ref idref="oc-13e"/>
      </symbol>
      <symbol id="sm-52e">
         <name>_max_free</name>
         <value>0x22ad9</value>
         <object_component_ref idref="oc-13e"/>
      </symbol>
      <symbol id="sm-52f">
         <name>_free</name>
         <value>0x226cb</value>
         <object_component_ref idref="oc-13e"/>
      </symbol>
      <symbol id="sm-530">
         <name>_calloc</name>
         <value>0x22bb2</value>
         <object_component_ref idref="oc-13e"/>
      </symbol>
      <symbol id="sm-531">
         <name>_malloc</name>
         <value>0x2280f</value>
         <object_component_ref idref="oc-13e"/>
      </symbol>
      <symbol id="sm-532">
         <name>_minit</name>
         <value>0x2279d</value>
         <object_component_ref idref="oc-13e"/>
      </symbol>
      <symbol id="sm-53c">
         <name>_fclose</name>
         <value>0x26018</value>
         <object_component_ref idref="oc-145"/>
      </symbol>
      <symbol id="sm-546">
         <name>_remove</name>
         <value>0x26816</value>
         <object_component_ref idref="oc-149"/>
      </symbol>
   </symbol_table>
</link_info>
