******************************************************************************
              TMS320C55x Linker PC v4.4.1                      
******************************************************************************
>> Linked Sun Mar 24 13:19:36 2024

OUTPUT FILE NAME:   <Audio.out>
ENTRY POINT SYMBOL: "_c_int00"  address: 000266ed


MEMORY CONFIGURATION

         name            origin    length      used     unused   attr    fill
                        (bytes)   (bytes)    (bytes)   (bytes)
----------------------  --------  ---------  --------  --------  ----  --------
PAGE 0:
  MMR                   00000000   000000c0  00000000  000000c0  RWIX
  DARAM0                000000c0   0000ff40  000062d2  00009c6e  RWIX
  SARAM0                00010000   00010000  00000000  00010000  RWIX
  SARAM1                00020000   00020000  0000682a  000197d6  RWIX
  SARAM2                00040000   0000fe00  0000047a  0000f986  RWIX
  VECS                  0004fe00   00000200  00000200  00000000  RWIX
  PDROM                 00ff8000   00008000  00000000  00008000  R IX

PAGE 2:
  IOPORT                00000000   00020000  00000000  00020000  RWI 


SECTION ALLOCATION MAP
(Addresses surrounded by []'s are displayed for convenience only!)

output                                                          attributes/
section   page  orgn(bytes) orgn(words) len(bytes) len(words)   input sections
--------  ----  ----------- ----------- ---------- ----------   --------------
.pinit       0   [ 00040000 ]  00020000          *   00000000   UNINITIALIZED

.stack       0   [ 000000c0 ]  00000060          *   00001000   UNINITIALIZED
                 [ 000000c0 ]  00000060          *   00001000   --HOLE--

.sysstack 
*            0   [ 000020c0 ]  00001060          *   00000800   UNINITIALIZED
                 [ 000020c0 ]  00001060          *   00000800   --HOLE--

.sysmem      0   [ 000030c0 ]  00001860          *   00001000   UNINITIALIZED
                 [ 000030c0 ]  00001860          *   00001000   --HOLE--

.const.1     0   [ 000050c0 ]  00002860          *   000004ab   
                 [ 000050c0 ]  00002860          *   00000236   PLL.obj (.const:.string)
                 [ 0000552c ]  00002a96          *   00000174   aic3204_init.obj (.const:.string)
                 [ 00005814 ]  00002c0a          *   00000101   rts55h.lib : ctype.obj (.const:__ctypes_)

.const.2     0   [ 00005a18 ]  00002d0c          *   000000bb   
                 [ 00005a18 ]  00002d0c          *   000000bb   main.obj (.const:.string)

.const.3     0   [ 00005b90 ]  00002dc8          *   00000098   
                 [ 00005b90 ]  00002dc8          *   00000056   timer.obj (.const:.string)
                 [ 00005c3c ]  00002e1e          *   00000024   rts55h.lib : _printfi.obj (.const:.string)
                 [ 00005c84 ]  00002e42          *   0000000c              : _printfi.obj (.const)
                 [ 00005c9c ]  00002e4e          *   00000008              : divd.obj (.const:_initial_approx$1)
                 [ 00005cac ]  00002e56          *   00000006   main.obj (.const:_IIR_low_pass_4800Hz)
                 [ 00005cb8 ]  00002e5c          *   00000002   rts55h.lib : fputs.obj (.const:.string)
                 [ 00005cbc ]  00002e5e          *   00000002              : fltlid.obj (.const)

.bss         0   [ 00005cc0 ]  00002e60          *   0000035f   UNINITIALIZED
                 [ 00005cc0 ]  00002e60          *   00000119   rts55h.lib : defs.obj (.bss)
                 [ 00005ef2 ]  00002f79          *   000000d0              : trgdrv.obj (.bss)
                 [ 00006092 ]  00003049          *   00000001              : fopen.obj (.bss)
                 [ 00006094 ]  0000304a          *   00000084   CSLc55x5h.lib : csl_intc.obj (.bss)
                 [ 0000619c ]  000030ce          *   00000071   rts55h.lib : lowlev.obj (.bss)
                 [ 0000627e ]  0000313f          *   00000001   usbstk5505_i2c.obj (.bss)
                 [ 00006280 ]  00003140          *   00000036   PLL.obj (.bss)
                 [ 000062ec ]  00003176          *   00000024   IIR_filters_fourth_order.obj (.bss)
                 [ 00006334 ]  0000319a          *   00000008   timer.obj (.bss)
                 [ 00006344 ]  000031a2          *   00000007   rts55h.lib : memory.obj (.bss)
                 [ 00006352 ]  000031a9          *   00000005   main.obj (.bss)
                 [ 0000635c ]  000031ae          *   00000004   SweepGenerator.obj (.bss)
                 [ 00006364 ]  000031b2          *   00000004   rts55h.lib : _lock.obj (.bss)
                 [ 0000636c ]  000031b6          *   00000004              : exit.obj (.bss)
                 [ 00006374 ]  000031ba          *   00000003   sinewaves.obj (.bss)
                 [ 0000637a ]  000031bd          *   00000002   aic3204.obj (.bss)

.data        0   [ 0000637e ]  000031bf          *   0000000c   
                 [ 0000637e ]  000031bf          *   00000006   55xdsph.lib : expn.obj (.data)
                 [ 0000638a ]  000031c5          *   00000006               : sine.obj (.data)

.text        0     00020000  [ 00010000 ] 0000682a          *   
                   00020000  [ 00010000 ] 00001533          *   rts55h.lib : _printfi.obj (.text)
                   00021533  [ 00010a99+] 0000070c          *   IIR_filters_fourth_order.obj (.text)
                   00021c3f  [ 00010e1f+] 00000554          *   CSLc55x5h.lib : csl_intc.obj (.text)
                   00022193  [ 000110c9+] 00000538          *   rts55h.lib : trgdrv.obj (.text)
                   000226cb  [ 00011365+] 00000533          *              : memory.obj (.text)
                   00022bfe  [ 000115ff ] 00000522          *   aic3204_init.obj (.text)
                   00023120  [ 00011890 ] 00000518          *   rts55h.lib : lowlev.obj (.text)
                   00023638  [ 00011b1c ] 000003c7          *              : divd.obj (.text)
                   000239ff  [ 00011cff+] 00000340          *   PLL.obj (.text)
                   00023d3f  [ 00011e9f+] 000002fd          *   CSLc55x5h.lib : csl_gpt.obj (.text)
                   0002403c  [ 0001201e ] 000002ad          *                 : csl_pll.obj (.text)
                   000242e9  [ 00012174+] 0000026c          *   rts55h.lib : fopen.obj (.text)
                   00024555  [ 000122aa+] 0000025c          *              : llmpy.obj (.text)
                   000247b1  [ 000123d8+] 00000257          *              : addd.obj (.text)
                   00024a08  [ 00012504 ] 00000224          *   SweepGenerator.obj (.text)
                   00024c2c  [ 00012616 ] 000001ea          *   rts55h.lib : cmpd.obj (.text)
                   00024e16  [ 0001270b ] 000001ab          *   timer.obj (.text)
                   00024fc1  [ 000127e0+] 0000017d          *   sinewaves.obj (.text)
                   0002513e  [ 0001289f ] 0000017b          *   rts55h.lib : fputs.obj (.text)
                   000252b9  [ 0001295c+] 00000164          *   usbstk5505_gpio.obj (.text)
                   0002541d  [ 00012a0e+] 0000014b          *   rts55h.lib : mpyd.obj (.text)
                   00025568  [ 00012ab4 ] 00000148          *   timer.obj (.text:retain)
                   000256b0  [ 00012b58 ] 0000013b          *   aic3204.obj (.text)
                   000257eb  [ 00012bf5+] 0000012a          *   usbstk5505_i2c.obj (.text)
                   00025915  [ 00012c8a+] 00000100          *   main.obj (.text)
                   00025a15  [ 00012d0a+] 000000f3          *   rts55h.lib : setvbuf.obj (.text)
                   00025b08  [ 00012d84 ] 000000da          *              : _io_perm.obj (.text)
                   00025be2  [ 00012df1 ] 000000be          *              : trgmsg.obj (.text:CIO_breakpoint)
                   00025ca0  [ 00012e50 ] 000000ba          *              : fflush.obj (.text)
                   00025d5a  [ 00012ead ] 000000a2          *              : fputc.obj (.text)
                   00025dfc  [ 00012efe ] 000000a0          *              : divul.obj (.text)
                   00025e9c  [ 00012f4e ] 0000008c          *   CSLc55x5h.lib : csl_irqplug.obj (.text)
                   00025f28  [ 00012f94 ] 00000079          *   rts55h.lib : ltoa.obj (.text)
                   00025fa1  [ 00012fd0+] 00000077          *   55xdsph.lib : sine.obj (.text)
                   00026018  [ 0001300c ] 00000076          *   rts55h.lib : fclose.obj (.text)
                   0002608e  [ 00013047 ] 00000076          *              : frcmpyd.obj (.text)
                   00026104  [ 00013082 ] 00000073          *              : frcmpyd_div.obj (.text)
                   00026177  [ 000130bb+] 00000070          *              : remul.obj (.text)
                   000261e7  [ 000130f3+] 0000006e          *              : fixdli.obj (.text)
                   00026255  [ 0001312a+] 0000006d          *   CSLc55x5h.lib : vectors.obj (.text)
                   000262c2  [ 00013161 ] 0000006b          *   rts55h.lib : trgmsg.obj (.text)
                   0002632d  [ 00013196+] 00000068          *              : fseek.obj (.text)
                   00026395  [ 000131ca+] 00000067          *              : fltlid.obj (.text)
                   000263fc  [ 000131fe ] 00000059          *              : atoi.obj (.text)
                   00026455  [ 0001322a+] 00000056          *              : memcpy.obj (.text)
                   000264ab  [ 00013255+] 00000054          *   usbstk5505.obj (.text)
                   000264ff  [ 0001327f+] 0000004e          *   rts55h.lib : printf.obj (.text)
                   0002654d  [ 000132a6+] 0000004d          *              : autoinit.obj (.text)
                   0002659a  [ 000132cd ] 0000004b          *              : remli.obj (.text)
                   000265e5  [ 000132f2+] 00000049          *              : args_main.obj (.text)
                   0002662e  [ 00013317 ] 00000048          *              : divli.obj (.text)
                   00026676  [ 0001333b ] 0000003e          *              : exit.obj (.text)
                   000266b4  [ 0001335a ] 00000039          *   55xdsph.lib : expn.obj (.text)
                   000266ed  [ 00013376+] 00000034          *   rts55h.lib : boot.obj (.text)
                   00026721  [ 00013390+] 0000002a          *              : fixdi.obj (.text)
                   0002674b  [ 000133a5+] 0000002a          *              : udiv.obj (.text)
                   00026775  [ 000133ba+] 00000022          *              : memccpy.obj (.text)
                   00026797  [ 000133cb+] 0000001c          *   stereo.obj (.text)
                   000267b3  [ 000133d9+] 0000001a          *   rts55h.lib : isinf.obj (.text)
                   000267cd  [ 000133e6+] 00000014          *              : subd.obj (.text)
                   000267e1  [ 000133f0+] 00000013          *              : lmpy.obj (.text)
                   000267f4  [ 000133fa ] 00000012          *              : _lock.obj (.text)
                   00026806  [ 00013403 ] 00000010          *              : negd.obj (.text)
                   00026816  [ 0001340b ] 0000000a          *              : remove.obj (.text)
                   00026820  [ 00013410 ] 00000007          *              : exit.obj (.text:CIO_breakpoint)
                   00026827  [ 00013413+] 00000002          *              : vectors.obj (.text)
                   00026829  [ 00013414 ] 00000001          *   --HOLE-- [fill = 20]

.cio         0   [ 00040000 ]  00020000          *   00000120   UNINITIALIZED
                 [ 00040000 ]  00020000          *   00000120   rts55h.lib : trgmsg.obj (.cio)

.cinit       0   [ 00040240 ]  00020120          *   0000011d   
                 [ 00040240 ]  00020120          *   00000046   PLL.obj (.cinit)
                 [ 000402cc ]  00020166          *   00000039   IIR_filters_fourth_order.obj (.cinit)
                 [ 0004033e ]  0002019f          *   0000002d   rts55h.lib : lowlev.obj (.cinit)
                 [ 00040398 ]  000201cc          *   0000002a              : defs.obj (.cinit)
                 [ 000403ec ]  000201f6          *   0000000d   SweepGenerator.obj (.cinit)
                 [ 00040406 ]  00020203          *   0000000d   timer.obj (.cinit)
                 [ 00040420 ]  00020210          *   0000000c   sinewaves.obj (.cinit)
                 [ 00040438 ]  0002021c          *   0000000a   rts55h.lib : _lock.obj (.cinit)
                 [ 0004044c ]  00020226          *   0000000a              : exit.obj (.cinit)
                 [ 00040460 ]  00020230          *   00000004              : fopen.obj (.cinit)
                 [ 00040468 ]  00020234          *   00000004              : memory.obj (.cinit)
                 [ 00040470 ]  00020238          *   00000004   usbstk5505_i2c.obj (.cinit)
                 [ 00040478 ]  0002023c          *   00000001   --HOLE-- [fill = 0]

vectors      0     0004fe00  [ 00027f00 ] 00000200          *   
                   0004fe00  [ 00027f00 ] 00000100          *   CSLc55x5h.lib : vectors.obj (vectors)
                   0004ff00  [ 00027f80 ] 00000100          *   rts55h.lib : vectors.obj (vectors)


GLOBAL SYMBOLS: SORTED ALPHABETICALLY BY Name 

abs. value/
byte addr   word addr   name
---------   ---------   ----
00000002                $TI_capability$C5500$CallingConvention
00000008                $TI_capability$C5500$MemoryModel
00000001                $TI_capability_requires_rev3
ffffffff                .bss
ffffffff                .data
ffffffff                .text
00026821                C$$EXIT
00025c9b                C$$IO$$
000267e1                I$$LMPY
0002674b                I$$UDIV
00026760                I$$UMOD
0004fe00                RST
000256b0                _AIC3204_rget
000256fb                _AIC3204_rset
00024e16                _CSL_gptIntrTest
00023e8e                _GPT_close
00023f95                _GPT_config
00023f5a                _GPT_getCnt
00023d3f                _GPT_open
00023e02                _GPT_reset
00023f03                _GPT_start
00023f30                _GPT_stop
0002266d                _HOSTclock
00022602                _HOSTclose
0002254d                _HOSTlseek
000224ac                _HOSTopen
00022421                _HOSTread
00022368                _HOSTrename
0002230a                _HOSTtime
0002229e                _HOSTunlink
00022213                _HOSTwrite
            00002e56    _IIR_low_pass_4800Hz
00021cd9                _IRQ_clear
00021d43                _IRQ_clearAll
00021d53                _IRQ_config
00021e79                _IRQ_disable
00021ef7                _IRQ_disableAll
00021f05                _IRQ_enable
00021fff                _IRQ_getArg
00021de6                _IRQ_getConfig
0002214d                _IRQ_globalDisable
00022166                _IRQ_globalEnable
0002217f                _IRQ_globalRestore
00021c3f                _IRQ_init
00022078                _IRQ_map
00025e9c                _IRQ_plug
00021f8f                _IRQ_restore
00022045                _IRQ_setArg
000220aa                _IRQ_setVecs
000220db                _IRQ_test
0002422e                _PLL_bypass
0002409e                _PLL_config
000241c7                _PLL_enable
00024066                _PLL_init
0002427d                _PLL_reset
0004ff00                _Reset
            000031a0    _Step
00024a08                _SweepGenerator
000253c5                _USBSTK5505_GPIO_getInput
000252b9                _USBSTK5505_GPIO_init
000252bd                _USBSTK5505_GPIO_setDirection
00025348                _USBSTK5505_GPIO_setOutput
0002580a                _USBSTK5505_I2C_close
000257eb                _USBSTK5505_I2C_init
0002589c                _USBSTK5505_I2C_read
00025813                _USBSTK5505_I2C_reset
00025821                _USBSTK5505_I2C_write
000264f1                _USBSTK5505_init
000264ab                _USBSTK5505_wait
000264df                _USBSTK5505_waitusec
0004fe00                _VECSTART
            00020000    __CIOBUF_
            00001060    __STACK_END
00002000                __STACK_SIZE
00002000                __SYSMEM_SIZE
00001000                __SYSSTACK_SIZE
00000001                __TI_args_main
ffffffff                ___binit__
ffffffff                ___bss__
ffffffff                ___c_args__
            00020120    ___cinit__
ffffffff                ___data__
ffffffff                ___edata__
ffffffff                ___end__
ffffffff                ___etext__
000267b3                ___isinf
ffffffff                ___pinit__
ffffffff                ___text__
000247b1                __addd
000265e5                __args_main
000243fe                __cleanup
            000031b6    __cleanup_ptr
00024dbe                __cmpd
            00002c0a    __ctypes_
00023638                __divd
0002662e                __divli
0002477d                __divlli
0002674b                __divu
00025dfc                __divul
00024689                __divull
00025ca0                __doflush
            000031b8    __dtors_ptr
00024d8a                __eqld
00026721                __fixdi
000261e7                __fixdli
00026395                __fltlid
0002608e                __frcmpyd
00026104                __frcmpyd_div
            00002f78    __ft_end
            00002e60    __ftable
00024d40                __geqd
00024cf5                __gtrd
00024ca8                __leqd
            000031b2    __lock
00024c60                __lssd
0002541d                __mpyd
000267e1                __mpyli
000245d2                __mpylli
00026806                __negd
00024c2c                __neqd
00026804                __nop
00021315                __printfi
00025b85                __rd_ok
000267fc                __register_lock
000267f4                __register_unlock
0002659a                __remli
000245a3                __remlli
00026760                __remu
00026177                __remul
00024555                __remull
            00000060    __stack
000267cd                __subd
            00001860    __sys_memory
            00001060    __sysstack
            00002ed8    __tmpnams
            000031b4    __unlock
00025b08                __wrt_ok
00026820                _abort
00023550                _add_device
00025769                _aic3204_codec_read
000257af                _aic3204_codec_write
0002574d                _aic3204_disable
0002571d                _aic3204_hardware_init
00022bfe                _aic3204_init
000263fc                _atoi
0002654d                _auto_init
000266ed                _c_int00
00022bb2                _calloc
00022baa                _chkheap
000234e0                _close
            000031bd    _counter1
            000031be    _counter2
00026676                _exit
000266b4                _expn
00026018                _fclose
00025d02                _fflush
000234d7                _find_registered_device
0002451c                _fopen
00021533                _fourth_order_IIR_direct_form_I
00021751                _fourth_order_IIR_direct_form_IA
0002196f                _fourth_order_IIR_direct_form_II
00025d5a                _fputc
0002513e                _fputs
000226cb                _free
00022b43                _free_memory
00024456                _freopen
0002632d                _fseek
00024fc1                _generate_sinewave_1
00025040                _generate_sinewave_2
000250bf                _generate_sinewave_3
00024ed3                _getSysClk
00022193                _getenv
00025568                _gpt0Isr
            0000319a    _hGpt
            0000314a    _hPll
            0000319e    _i
            000031a9    _left_input
            000031ab    _left_output
00023473                _lseek
00025f28                _ltoa
00025915                _main
0002280f                _malloc
00022ad9                _max_free
00026775                _memccpy
00026455                _memcpy
0002279d                _minit
            000031ad    _mono_input
000233b6                _open
            00003174    _pConfigInfo
            000031a1    _playnum
            00003146    _pllCfg1
            0000316c    _pllCfg_100MHz
            00003170    _pllCfg_120MHz
            00003154    _pllCfg_12MHz
            00003158    _pllCfg_12p288MHz
            0000314c    _pllCfg_1MHz
            00003150    _pllCfg_2MHz
            0000315c    _pllCfg_40MHz
            00003160    _pllCfg_60MHz
            00003164    _pllCfg_75MHz
            00003168    _pllCfg_98MHz
            00003140    _pllObj
00023a7a                _pll_frequency_setup
000264ff                _printf
00025d5a                _putc
00025ded                _putchar
0002528d                _puts
0002330c                _read
000262c2                _readmsg
00022910                _realloc
00026816                _remove
000232d8                _remove_device
00023281                _rename
            000031aa    _right_input
            000031ac    _right_output
00021b82                _second_order_IIR_direct_form_I
00022dd0                _set_sampling_frequency_and_gain
00025a15                _setvbuf
00025fa1                _sine
00026797                _stereo_to_mono
            0000319c    _sysClk
00024f9b                _timer_disable
0002324d                _unlink
00023120                _write
00025be2                _writemsg
ffffffff                binit
            00020120    cinit
ffffffff                edata
ffffffff                end
ffffffff                etext
ffffffff                pinit


GLOBAL SYMBOLS: SORTED BY Symbol Address 

abs. value/
byte addr   word addr   name
---------   ---------   ----
00000001                $TI_capability_requires_rev3
00000001                __TI_args_main
00000002                $TI_capability$C5500$CallingConvention
00000008                $TI_capability$C5500$MemoryModel
            00000060    __stack
00001000                __SYSSTACK_SIZE
00002000                __STACK_SIZE
00002000                __SYSMEM_SIZE
            00001060    __STACK_END
            00001060    __sysstack
            00001860    __sys_memory
            00002c0a    __ctypes_
            00002e56    _IIR_low_pass_4800Hz
            00002e60    __ftable
            00002ed8    __tmpnams
            00002f78    __ft_end
            00003140    _pllObj
            00003146    _pllCfg1
            0000314a    _hPll
            0000314c    _pllCfg_1MHz
            00003150    _pllCfg_2MHz
            00003154    _pllCfg_12MHz
            00003158    _pllCfg_12p288MHz
            0000315c    _pllCfg_40MHz
            00003160    _pllCfg_60MHz
            00003164    _pllCfg_75MHz
            00003168    _pllCfg_98MHz
            0000316c    _pllCfg_100MHz
            00003170    _pllCfg_120MHz
            00003174    _pConfigInfo
            0000319a    _hGpt
            0000319c    _sysClk
            0000319e    _i
            000031a0    _Step
            000031a1    _playnum
            000031a9    _left_input
            000031aa    _right_input
            000031ab    _left_output
            000031ac    _right_output
            000031ad    _mono_input
            000031b2    __lock
            000031b4    __unlock
            000031b6    __cleanup_ptr
            000031b8    __dtors_ptr
            000031bd    _counter1
            000031be    _counter2
00021315                __printfi
00021533                _fourth_order_IIR_direct_form_I
00021751                _fourth_order_IIR_direct_form_IA
0002196f                _fourth_order_IIR_direct_form_II
00021b82                _second_order_IIR_direct_form_I
00021c3f                _IRQ_init
00021cd9                _IRQ_clear
00021d43                _IRQ_clearAll
00021d53                _IRQ_config
00021de6                _IRQ_getConfig
00021e79                _IRQ_disable
00021ef7                _IRQ_disableAll
00021f05                _IRQ_enable
00021f8f                _IRQ_restore
00021fff                _IRQ_getArg
00022045                _IRQ_setArg
00022078                _IRQ_map
000220aa                _IRQ_setVecs
000220db                _IRQ_test
0002214d                _IRQ_globalDisable
00022166                _IRQ_globalEnable
0002217f                _IRQ_globalRestore
00022193                _getenv
00022213                _HOSTwrite
0002229e                _HOSTunlink
0002230a                _HOSTtime
00022368                _HOSTrename
00022421                _HOSTread
000224ac                _HOSTopen
0002254d                _HOSTlseek
00022602                _HOSTclose
0002266d                _HOSTclock
000226cb                _free
0002279d                _minit
0002280f                _malloc
00022910                _realloc
00022ad9                _max_free
00022b43                _free_memory
00022baa                _chkheap
00022bb2                _calloc
00022bfe                _aic3204_init
00022dd0                _set_sampling_frequency_and_gain
00023120                _write
0002324d                _unlink
00023281                _rename
000232d8                _remove_device
0002330c                _read
000233b6                _open
00023473                _lseek
000234d7                _find_registered_device
000234e0                _close
00023550                _add_device
00023638                __divd
00023a7a                _pll_frequency_setup
00023d3f                _GPT_open
00023e02                _GPT_reset
00023e8e                _GPT_close
00023f03                _GPT_start
00023f30                _GPT_stop
00023f5a                _GPT_getCnt
00023f95                _GPT_config
00024066                _PLL_init
0002409e                _PLL_config
000241c7                _PLL_enable
0002422e                _PLL_bypass
0002427d                _PLL_reset
000243fe                __cleanup
00024456                _freopen
0002451c                _fopen
00024555                __remull
000245a3                __remlli
000245d2                __mpylli
00024689                __divull
0002477d                __divlli
000247b1                __addd
00024a08                _SweepGenerator
00024c2c                __neqd
00024c60                __lssd
00024ca8                __leqd
00024cf5                __gtrd
00024d40                __geqd
00024d8a                __eqld
00024dbe                __cmpd
00024e16                _CSL_gptIntrTest
00024ed3                _getSysClk
00024f9b                _timer_disable
00024fc1                _generate_sinewave_1
00025040                _generate_sinewave_2
000250bf                _generate_sinewave_3
0002513e                _fputs
0002528d                _puts
000252b9                _USBSTK5505_GPIO_init
000252bd                _USBSTK5505_GPIO_setDirection
00025348                _USBSTK5505_GPIO_setOutput
000253c5                _USBSTK5505_GPIO_getInput
0002541d                __mpyd
00025568                _gpt0Isr
000256b0                _AIC3204_rget
000256fb                _AIC3204_rset
0002571d                _aic3204_hardware_init
0002574d                _aic3204_disable
00025769                _aic3204_codec_read
000257af                _aic3204_codec_write
000257eb                _USBSTK5505_I2C_init
0002580a                _USBSTK5505_I2C_close
00025813                _USBSTK5505_I2C_reset
00025821                _USBSTK5505_I2C_write
0002589c                _USBSTK5505_I2C_read
00025915                _main
00025a15                _setvbuf
00025b08                __wrt_ok
00025b85                __rd_ok
00025be2                _writemsg
00025c9b                C$$IO$$
00025ca0                __doflush
00025d02                _fflush
00025d5a                _fputc
00025d5a                _putc
00025ded                _putchar
00025dfc                __divul
00025e9c                _IRQ_plug
00025f28                _ltoa
00025fa1                _sine
00026018                _fclose
0002608e                __frcmpyd
00026104                __frcmpyd_div
00026177                __remul
000261e7                __fixdli
000262c2                _readmsg
0002632d                _fseek
00026395                __fltlid
000263fc                _atoi
00026455                _memcpy
000264ab                _USBSTK5505_wait
000264df                _USBSTK5505_waitusec
000264f1                _USBSTK5505_init
000264ff                _printf
0002654d                _auto_init
0002659a                __remli
000265e5                __args_main
0002662e                __divli
00026676                _exit
000266b4                _expn
000266ed                _c_int00
00026721                __fixdi
0002674b                I$$UDIV
0002674b                __divu
00026760                I$$UMOD
00026760                __remu
00026775                _memccpy
00026797                _stereo_to_mono
000267b3                ___isinf
000267cd                __subd
000267e1                I$$LMPY
000267e1                __mpyli
000267f4                __register_unlock
000267fc                __register_lock
00026804                __nop
00026806                __negd
00026816                _remove
00026820                _abort
00026821                C$$EXIT
            00020000    __CIOBUF_
            00020120    ___cinit__
            00020120    cinit
0004fe00                RST
0004fe00                _VECSTART
0004ff00                _Reset
ffffffff                .bss
ffffffff                .data
ffffffff                .text
ffffffff                ___binit__
ffffffff                ___bss__
ffffffff                ___c_args__
ffffffff                ___data__
ffffffff                ___edata__
ffffffff                ___end__
ffffffff                ___etext__
ffffffff                ___pinit__
ffffffff                ___text__
ffffffff                binit
ffffffff                edata
ffffffff                end
ffffffff                etext
ffffffff                pinit

[231 symbols]
